<html>
<body>
<pre>
<h1>礦ision Build Log</h1>
<h2>Tool Versions:</h2>
IDE-Version: μVision V5.36.0.0
Copyright (C) 2021 ARM Ltd and ARM Germany GmbH. All rights reserved.
License Information: a aa, a, LIC=X96CK-Z1DPP-MM59I-TMSIL-3KTD8-UCBFL
 
Tool Versions:
Toolchain:       MDK-ARM Plus  Version: 5.36.0.0
Toolchain Path:  C:\Keil_v5\ARM\ARMCC\Bin
C Compiler:      Armcc.exe V5.06 update 7 (build 960)
Assembler:       Armasm.exe V5.06 update 7 (build 960)
Linker/Locator:  ArmLink.exe V5.06 update 7 (build 960)
Library Manager: ArmAr.exe V5.06 update 7 (build 960)
Hex Converter:   FromElf.exe V5.06 update 7 (build 960)
CPU DLL:         SARMCM3.DLL V5.36.0.0
Dialog DLL:      DCM.DLL V1.17.3.0
Target DLL:      UL2CM3.DLL V1.164.0.0
Dialog DLL:      TCM.DLL V1.53.0.0
 
<h2>Project:</h2>
D:\T12-STATION\New App\USB_Bootloader - 20240311\MDK-ARM\USB_Bootloader_20240310.uvprojx
Project File Date:  03/11/2024

<h2>Output:</h2>
*** Using Compiler 'V5.06 update 7 (build 960)', folder: 'C:\Keil_v5\ARM\ARMCC\Bin'
Rebuild target 'USB_Bootloader'
assembling startup_stm32f103xe.s...
compiling user_flash.c...
compiling stm32f1xx_it.c...
compiling user_adc.c...
compiling font_lib.c...
compiling tim.c...
compiling spi.c...
compiling usbd_conf.c...
compiling usbd_cdc_if.c...
compiling usbd_desc.c...
compiling gpio.c...
compiling lcd.c...
compiling stm32f1xx_hal_msp.c...
compiling usb_device.c...
compiling main.c...
compiling adc.c...
compiling stm32f1xx_hal_pcd_ex.c...
compiling stm32f1xx_hal_gpio_ex.c...
compiling stm32f1xx_hal.c...
compiling stm32f1xx_hal_exti.c...
compiling stm32f1xx_hal_flash.c...
compiling stm32f1xx_hal_cortex.c...
compiling stm32f1xx_hal_rcc_ex.c...
compiling stm32f1xx_hal_gpio.c...
compiling stm32f1xx_hal_flash_ex.c...
compiling stm32f1xx_hal_pwr.c...
compiling stm32f1xx_hal_dma.c...
compiling stm32f1xx_hal_rcc.c...
compiling stm32f1xx_hal_pcd.c...
compiling stm32f1xx_ll_rcc.c...
compiling stm32f1xx_ll_usb.c...
compiling stm32f1xx_hal_tim_ex.c...
compiling stm32f1xx_ll_exti.c...
compiling stm32f1xx_hal_tim.c...
compiling system_stm32f1xx.c...
compiling stm32f1xx_ll_utils.c...
compiling stm32f1xx_ll_gpio.c...
compiling stm32f1xx_ll_dma.c...
compiling stm32f1xx_ll_adc.c...
compiling stm32f1xx_ll_spi.c...
compiling stm32f1xx_ll_tim.c...
compiling usbd_ctlreq.c...
compiling usbd_ioreq.c...
compiling usbd_cdc.c...
compiling usbd_core.c...
linking...
Program Size: Code=30226 RO-data=2650 RW-data=460 ZI-data=23444  
FromELF: creating hex file...
After Build - User command #1: "D:\T12-STATION\New App\USB_CDC_MSC - 20240229\MDK-ARM\rename.bat"
D:\T12-STATION\New App\USB_Bootloader - 20240311\MDK-ARM>set MONTH=03 
D:\T12-STATION\New App\USB_Bootloader - 20240311\MDK-ARM>set DAY=11 
D:\T12-STATION\New App\USB_Bootloader - 20240311\MDK-ARM>set CURRENT_DATE_TIME_STAMP=03_11 
D:\T12-STATION\New App\USB_Bootloader - 20240311\MDK-ARM>閲嶅懡鍚峛in鏂囦欢
'閲嶅懡鍚峛in鏂囦欢' 不是内部或外部命令，也不是可运行的程序
或批处理文件。
D:\T12-STATION\New App\USB_Bootloader - 20240311\MDK-ARM>ren IRON_STATION.bin IRON_STATION_03_11.bin 
系统找不到指定的文件。
D:\T12-STATION\New App\USB_Bootloader - 20240311\MDK-ARM>C:\Keil_v5\ARM\ARMCC\bin\fromelf.exe --bin --output ./APP_out_bin/Bootloader03_11.bin ./USB_CDC_MSC/USB_CDC_MSC.axf 
"./USB_CDC_MSC/USB_CDC_MSC.axf": Error: Q0122E: Could not open file './USB_CDC_MSC/USB_CDC_MSC.axf': No such file or directory
Finished: 0 information, 0 warning and 1 error messages.
".\USB_Bootloader\USB_Bootloader.axf" - 0 Error(s), 0 Warning(s).

<h2>Software Packages used:</h2>

Package Vendor: ARM
                http://www.keil.com/pack/ARM.CMSIS.5.8.0.pack
                ARM.CMSIS.5.8.0
                CMSIS (Common Microcontroller Software Interface Standard)
   * Component: CORE Version: 5.5.0

Package Vendor: Keil
                https://luatos.com/t/air32f103/Keil.AIR32F103_DFP.1.0.6.pack
                Keil.AIR32F103_DFP.1.0.6
                AirM2M AIR32F1 Series Device Support, Drivers

<h2>Collection of Component include folders:</h2>
  .\RTE\_USB_Bootloader
  C:\Users\Along\AppData\Local\Arm\Packs\ARM\CMSIS\5.8.0\CMSIS\Core\Include
  C:\Users\Along\AppData\Local\Arm\Packs\Keil\AIR32F103_DFP\1.0.6\Device\Include

<h2>Collection of Component Files used:</h2>

   * Component: ARM::CMSIS:CORE:5.5.0
Build Time Elapsed:  00:00:08
</pre>
</body>
</html>
