Component: ARM Compiler 5.06 update 7 (build 960) Tool: armlink [4d3601]

==============================================================================

Section Cross References

    startup_stm32f103xe.o(STACK) refers (Special) to heapauxi.o(.text) for __use_two_region_memory
    startup_stm32f103xe.o(HEAP) refers (Special) to heapauxi.o(.text) for __use_two_region_memory
    startup_stm32f103xe.o(RESET) refers (Special) to heapauxi.o(.text) for __use_two_region_memory
    startup_stm32f103xe.o(RESET) refers to startup_stm32f103xe.o(STACK) for __initial_sp
    startup_stm32f103xe.o(RESET) refers to startup_stm32f103xe.o(.text) for Reset_Handler
    startup_stm32f103xe.o(RESET) refers to stm32f1xx_it.o(i.NMI_Handler) for NMI_Handler
    startup_stm32f103xe.o(RESET) refers to stm32f1xx_it.o(i.HardFault_Handler) for HardFault_Handler
    startup_stm32f103xe.o(RESET) refers to stm32f1xx_it.o(i.MemManage_Handler) for MemManage_Handler
    startup_stm32f103xe.o(RESET) refers to stm32f1xx_it.o(i.BusFault_Handler) for BusFault_Handler
    startup_stm32f103xe.o(RESET) refers to stm32f1xx_it.o(i.UsageFault_Handler) for UsageFault_Handler
    startup_stm32f103xe.o(RESET) refers to stm32f1xx_it.o(i.SVC_Handler) for SVC_Handler
    startup_stm32f103xe.o(RESET) refers to stm32f1xx_it.o(i.DebugMon_Handler) for DebugMon_Handler
    startup_stm32f103xe.o(RESET) refers to stm32f1xx_it.o(i.PendSV_Handler) for PendSV_Handler
    startup_stm32f103xe.o(RESET) refers to stm32f1xx_it.o(i.SysTick_Handler) for SysTick_Handler
    startup_stm32f103xe.o(RESET) refers to stm32f1xx_it.o(i.USB_LP_CAN1_RX0_IRQHandler) for USB_LP_CAN1_RX0_IRQHandler
    startup_stm32f103xe.o(RESET) refers to stm32f1xx_it.o(i.TIM4_IRQHandler) for TIM4_IRQHandler
    startup_stm32f103xe.o(.text) refers (Special) to heapauxi.o(.text) for __use_two_region_memory
    startup_stm32f103xe.o(.text) refers to system_stm32f1xx.o(i.SystemInit) for SystemInit
    startup_stm32f103xe.o(.text) refers to __main.o(!!!main) for __main
    startup_stm32f103xe.o(.text) refers to startup_stm32f103xe.o(HEAP) for Heap_Mem
    startup_stm32f103xe.o(.text) refers to startup_stm32f103xe.o(STACK) for Stack_Mem
    user_flash.o(i.EraseFlashColorLogoPages) refers to stm32f1xx_hal_flash.o(i.HAL_FLASH_Unlock) for HAL_FLASH_Unlock
    user_flash.o(i.EraseFlashColorLogoPages) refers to stm32f1xx_hal_flash_ex.o(i.FLASH_PageErase) for FLASH_PageErase
    user_flash.o(i.EraseFlashColorLogoPages) refers to stm32f1xx_hal_flash.o(i.HAL_FLASH_Lock) for HAL_FLASH_Lock
    user_flash.o(i.EraseFlashIconPages) refers to stm32f1xx_hal_flash.o(i.HAL_FLASH_Unlock) for HAL_FLASH_Unlock
    user_flash.o(i.EraseFlashIconPages) refers to stm32f1xx_hal_flash_ex.o(i.FLASH_PageErase) for FLASH_PageErase
    user_flash.o(i.EraseFlashIconPages) refers to stm32f1xx_hal_flash.o(i.HAL_FLASH_Lock) for HAL_FLASH_Lock
    user_flash.o(i.EraseFlashLogoPages) refers to stm32f1xx_hal_flash.o(i.HAL_FLASH_Unlock) for HAL_FLASH_Unlock
    user_flash.o(i.EraseFlashLogoPages) refers to stm32f1xx_hal_flash_ex.o(i.FLASH_PageErase) for FLASH_PageErase
    user_flash.o(i.EraseFlashLogoPages) refers to stm32f1xx_hal_flash.o(i.HAL_FLASH_Lock) for HAL_FLASH_Lock
    user_flash.o(i.EraseFlashPages) refers to stm32f1xx_hal_flash.o(i.HAL_FLASH_Unlock) for HAL_FLASH_Unlock
    user_flash.o(i.EraseFlashPages) refers to stm32f1xx_hal_flash_ex.o(i.FLASH_PageErase) for FLASH_PageErase
    user_flash.o(i.EraseFlashPages) refers to stm32f1xx_hal_flash.o(i.HAL_FLASH_Lock) for HAL_FLASH_Lock
    user_flash.o(i.STMFLASH_Write) refers to stm32f1xx_hal_flash.o(i.HAL_FLASH_Unlock) for HAL_FLASH_Unlock
    user_flash.o(i.STMFLASH_Write) refers to user_flash.o(i.STMFLASH_Read) for STMFLASH_Read
    user_flash.o(i.STMFLASH_Write) refers to stm32f1xx_hal_flash_ex.o(i.FLASH_PageErase) for FLASH_PageErase
    user_flash.o(i.STMFLASH_Write) refers to stm32f1xx_hal_flash.o(i.FLASH_WaitForLastOperation) for FLASH_WaitForLastOperation
    user_flash.o(i.STMFLASH_Write) refers to user_flash.o(i.STMFLASH_Write_NoCheck) for STMFLASH_Write_NoCheck
    user_flash.o(i.STMFLASH_Write) refers to stm32f1xx_hal_flash.o(i.HAL_FLASH_Lock) for HAL_FLASH_Lock
    user_flash.o(i.STMFLASH_Write) refers to user_flash.o(.bss) for .bss
    user_flash.o(i.STMFLASH_Write_NoCheck) refers to stm32f1xx_hal_flash.o(i.HAL_FLASH_Program) for HAL_FLASH_Program
    user_flash.o(i.Single_Data_Write) refers to user_flash.o(i.STMFLASH_Write) for STMFLASH_Write
    user_flash.o(i.Test_Write) refers to user_flash.o(i.STMFLASH_Write) for STMFLASH_Write
    lcd.o(i.LCD_Address_Set) refers to lcd.o(i.LCD_WR_REG) for LCD_WR_REG
    lcd.o(i.LCD_Address_Set) refers to lcd.o(i.LCD_WR_DATA) for LCD_WR_DATA
    lcd.o(i.LCD_Address_Set) refers to lcd.o(.data) for .data
    lcd.o(i.LCD_Clear) refers to lcd.o(i.LCD_Address_Set) for LCD_Address_Set
    lcd.o(i.LCD_Clear) refers to spi.o(i.lcd_send_data) for lcd_send_data
    lcd.o(i.LCD_DrawLine) refers to lcd.o(i.LCD_DrawPoint) for LCD_DrawPoint
[...]
    __rt_lib_shutdown_user_alloc_1           0x0800020b   Thumb Code     0  libshutdown2.o(.ARM.Collect$$libshutdown$$0000000E)
    __rt_entry                               0x0800020d   Thumb Code     0  __rtentry.o(.ARM.Collect$$rtentry$$00000000)
    __rt_entry_presh_1                       0x0800020d   Thumb Code     0  __rtentry2.o(.ARM.Collect$$rtentry$$00000002)
    __rt_entry_sh                            0x0800020d   Thumb Code     0  __rtentry4.o(.ARM.Collect$$rtentry$$00000004)
    __rt_entry_li                            0x08000213   Thumb Code     0  __rtentry2.o(.ARM.Collect$$rtentry$$0000000A)
    __rt_entry_postsh_1                      0x08000213   Thumb Code     0  __rtentry2.o(.ARM.Collect$$rtentry$$00000009)
    __rt_entry_main                          0x08000217   Thumb Code     0  __rtentry2.o(.ARM.Collect$$rtentry$$0000000D)
    __rt_entry_postli_1                      0x08000217   Thumb Code     0  __rtentry2.o(.ARM.Collect$$rtentry$$0000000C)
    __rt_exit                                0x0800021f   Thumb Code     0  rtexit.o(.ARM.Collect$$rtexit$$00000000)
    __rt_exit_ls                             0x08000221   Thumb Code     0  rtexit2.o(.ARM.Collect$$rtexit$$00000003)
    __rt_exit_prels_1                        0x08000221   Thumb Code     0  rtexit2.o(.ARM.Collect$$rtexit$$00000002)
    __rt_exit_exit                           0x08000225   Thumb Code     0  rtexit2.o(.ARM.Collect$$rtexit$$00000004)
    Reset_Handler                            0x0800022d   Thumb Code     8  startup_stm32f103xe.o(.text)
    ADC1_2_IRQHandler                        0x08000247   Thumb Code     0  startup_stm32f103xe.o(.text)
    ADC3_IRQHandler                          0x08000247   Thumb Code     0  startup_stm32f103xe.o(.text)
    CAN1_RX1_IRQHandler                      0x08000247   Thumb Code     0  startup_stm32f103xe.o(.text)
    CAN1_SCE_IRQHandler                      0x08000247   Thumb Code     0  startup_stm32f103xe.o(.text)
    DMA1_Channel1_IRQHandler                 0x08000247   Thumb Code     0  startup_stm32f103xe.o(.text)
    DMA1_Channel2_IRQHandler                 0x08000247   Thumb Code     0  startup_stm32f103xe.o(.text)
    DMA1_Channel3_IRQHandler                 0x08000247   Thumb Code     0  startup_stm32f103xe.o(.text)
    DMA1_Channel4_IRQHandler                 0x08000247   Thumb Code     0  startup_stm32f103xe.o(.text)
    DMA1_Channel5_IRQHandler                 0x08000247   Thumb Code     0  startup_stm32f103xe.o(.text)
    DMA1_Channel6_IRQHandler                 0x08000247   Thumb Code     0  startup_stm32f103xe.o(.text)
    DMA1_Channel7_IRQHandler                 0x08000247   Thumb Code     0  startup_stm32f103xe.o(.text)
    DMA2_Channel1_IRQHandler                 0x08000247   Thumb Code     0  startup_stm32f103xe.o(.text)
    DMA2_Channel2_IRQHandler                 0x08000247   Thumb Code     0  startup_stm32f103xe.o(.text)
    DMA2_Channel3_IRQHandler                 0x08000247   Thumb Code     0  startup_stm32f103xe.o(.text)
    DMA2_Channel4_5_IRQHandler               0x08000247   Thumb Code     0  startup_stm32f103xe.o(.text)
    EXTI0_IRQHandler                         0x08000247   Thumb Code     0  startup_stm32f103xe.o(.text)
    EXTI15_10_IRQHandler                     0x08000247   Thumb Code     0  startup_stm32f103xe.o(.text)
    EXTI1_IRQHandler                         0x08000247   Thumb Code     0  startup_stm32f103xe.o(.text)
    EXTI2_IRQHandler                         0x08000247   Thumb Code     0  startup_stm32f103xe.o(.text)
    EXTI3_IRQHandler                         0x08000247   Thumb Code     0  startup_stm32f103xe.o(.text)
    EXTI4_IRQHandler                         0x08000247   Thumb Code     0  startup_stm32f103xe.o(.text)
    EXTI9_5_IRQHandler                       0x08000247   Thumb Code     0  startup_stm32f103xe.o(.text)
    FLASH_IRQHandler                         0x08000247   Thumb Code     0  startup_stm32f103xe.o(.text)
    FSMC_IRQHandler                          0x08000247   Thumb Code     0  startup_stm32f103xe.o(.text)
    I2C1_ER_IRQHandler                       0x08000247   Thumb Code     0  startup_stm32f103xe.o(.text)
    I2C1_EV_IRQHandler                       0x08000247   Thumb Code     0  startup_stm32f103xe.o(.text)
    I2C2_ER_IRQHandler                       0x08000247   Thumb Code     0  startup_stm32f103xe.o(.text)
    I2C2_EV_IRQHandler                       0x08000247   Thumb Code     0  startup_stm32f103xe.o(.text)
    PVD_IRQHandler                           0x08000247   Thumb Code     0  startup_stm32f103xe.o(.text)
    RCC_IRQHandler                           0x08000247   Thumb Code     0  startup_stm32f103xe.o(.text)
    RTC_Alarm_IRQHandler                     0x08000247   Thumb Code     0  startup_stm32f103xe.o(.text)
    RTC_IRQHandler                           0x08000247   Thumb Code     0  startup_stm32f103xe.o(.text)
    SDIO_IRQHandler                          0x08000247   Thumb Code     0  startup_stm32f103xe.o(.text)
    SPI1_IRQHandler                          0x08000247   Thumb Code     0  startup_stm32f103xe.o(.text)
    SPI2_IRQHandler                          0x08000247   Thumb Code     0  startup_stm32f103xe.o(.text)
    SPI3_IRQHandler                          0x08000247   Thumb Code     0  startup_stm32f103xe.o(.text)
    TAMPER_IRQHandler                        0x08000247   Thumb Code     0  startup_stm32f103xe.o(.text)
    TIM1_BRK_IRQHandler                      0x08000247   Thumb Code     0  startup_stm32f103xe.o(.text)
    TIM1_CC_IRQHandler                       0x08000247   Thumb Code     0  startup_stm32f103xe.o(.text)
    TIM1_TRG_COM_IRQHandler                  0x08000247   Thumb Code     0  startup_stm32f103xe.o(.text)
    TIM1_UP_IRQHandler                       0x08000247   Thumb Code     0  startup_stm32f103xe.o(.text)
    TIM2_IRQHandler                          0x08000247   Thumb Code     0  startup_stm32f103xe.o(.text)
    TIM3_IRQHandler                          0x08000247   Thumb Code     0  startup_stm32f103xe.o(.text)
    TIM5_IRQHandler                          0x08000247   Thumb Code     0  startup_stm32f103xe.o(.text)
    TIM6_IRQHandler                          0x08000247   Thumb Code     0  startup_stm32f103xe.o(.text)
    TIM7_IRQHandler                          0x08000247   Thumb Code     0  startup_stm32f103xe.o(.text)
    TIM8_BRK_IRQHandler                      0x08000247   Thumb Code     0  startup_stm32f103xe.o(.text)
    TIM8_CC_IRQHandler                       0x08000247   Thumb Code     0  startup_stm32f103xe.o(.text)
    TIM8_TRG_COM_IRQHandler                  0x08000247   Thumb Code     0  startup_stm32f103xe.o(.text)
    TIM8_UP_IRQHandler                       0x08000247   Thumb Code     0  startup_stm32f103xe.o(.text)
    UART4_IRQHandler                         0x08000247   Thumb Code     0  startup_stm32f103xe.o(.text)
    UART5_IRQHandler                         0x08000247   Thumb Code     0  startup_stm32f103xe.o(.text)
    USART1_IRQHandler                        0x08000247   Thumb Code     0  startup_stm32f103xe.o(.text)
    USART2_IRQHandler                        0x08000247   Thumb Code     0  startup_stm32f103xe.o(.text)
    USART3_IRQHandler                        0x08000247   Thumb Code     0  startup_stm32f103xe.o(.text)
    USBWakeUp_IRQHandler                     0x08000247   Thumb Code     0  startup_stm32f103xe.o(.text)
    USB_HP_CAN1_TX_IRQHandler                0x08000247   Thumb Code     0  startup_stm32f103xe.o(.text)
    WWDG_IRQHandler                          0x08000247   Thumb Code     0  startup_stm32f103xe.o(.text)
    __user_initial_stackheap                 0x08000249   Thumb Code     0  startup_stm32f103xe.o(.text)
    __aeabi_llsr                             0x0800026d   Thumb Code     0  llushr.o(.text)
    _ll_ushift_r                             0x0800026d   Thumb Code    38  llushr.o(.text)
    __2sprintf                               0x08000295   Thumb Code    38  __2sprintf.o(.text)
    _printf_pre_padding                      0x080002c1   Thumb Code    44  _printf_pad.o(.text)
    _printf_post_padding                     0x080002ed   Thumb Code    34  _printf_pad.o(.text)
    _printf_int_dec                          0x08000311   Thumb Code   104  _printf_dec.o(.text)
    __printf                                 0x08000389   Thumb Code   388  __printf_flags_ss_wp.o(.text)
    __aeabi_memcpy4                          0x08000511   Thumb Code     0  rt_memcpy_w.o(.text)
    __aeabi_memcpy8                          0x08000511   Thumb Code     0  rt_memcpy_w.o(.text)
    __rt_memcpy_w                            0x08000511   Thumb Code   100  rt_memcpy_w.o(.text)
    _memcpy_lastbytes_aligned                0x08000559   Thumb Code     0  rt_memcpy_w.o(.text)
    __aeabi_memclr4                          0x08000575   Thumb Code     0  rt_memclr_w.o(.text)
    __aeabi_memclr8                          0x08000575   Thumb Code     0  rt_memclr_w.o(.text)
    __rt_memclr_w                            0x08000575   Thumb Code    78  rt_memclr_w.o(.text)
    _memset_w                                0x08000579   Thumb Code     0  rt_memclr_w.o(.text)
    __use_two_region_memory                  0x080005c3   Thumb Code     2  heapauxi.o(.text)
    __rt_heap_escrow$2region                 0x080005c5   Thumb Code     2  heapauxi.o(.text)
    __rt_heap_expand$2region                 0x080005c7   Thumb Code     2  heapauxi.o(.text)
    _printf_int_common                       0x080005c9   Thumb Code   178  _printf_intcommon.o(.text)
    __lib_sel_fp_printf                      0x0800067b   Thumb Code     2  _printf_fp_dec.o(.text)
    _printf_fp_dec_real                      0x0800082d   Thumb Code   620  _printf_fp_dec.o(.text)
    _printf_char_common                      0x08000aa3   Thumb Code    32  _printf_char_common.o(.text)
    _sputc                                   0x08000ac9   Thumb Code    10  _sputc.o(.text)
    __rt_locale                              0x08000ad5   Thumb Code     8  rt_locale_intlibspace.o(.text)
    _ll_udiv10                               0x08000add   Thumb Code   138  lludiv10.o(.text)
    _printf_fp_infnan                        0x08000b69   Thumb Code   112  _printf_fp_infnan.o(.text)
    _btod_etento                             0x08000be9   Thumb Code   224  bigflt0.o(.text)
    __user_libspace                          0x08000ccd   Thumb Code     8  libspace.o(.text)
    __user_perproc_libspace                  0x08000ccd   Thumb Code     0  libspace.o(.text)
    __user_perthread_libspace                0x08000ccd   Thumb Code     0  libspace.o(.text)
    __user_setup_stackheap                   0x08000cd5   Thumb Code    74  sys_stackheap_outer.o(.text)
    exit                                     0x08000d1f   Thumb Code    18  exit.o(.text)
    strcmp                                   0x08000d31   Thumb Code   128  strcmpv7m.o(.text)
    _sys_exit                                0x08000db1   Thumb Code     8  sys_exit.o(.text)
    __I$use$semihosting                      0x08000dbd   Thumb Code     0  use_no_semi.o(.text)
    __use_no_semihosting_swi                 0x08000dbd   Thumb Code     2  use_no_semi.o(.text)
    __semihosting_library_function           0x08000dbf   Thumb Code     0  indicate_semi.o(.text)
    _btod_d2e                                0x08000dbf   Thumb Code    62  btod.o(CL$$btod_d2e)
    _d2e_denorm_low                          0x08000dfd   Thumb Code    70  btod.o(CL$$btod_d2e_denorm_low)
    _d2e_norm_op1                            0x08000e43   Thumb Code    96  btod.o(CL$$btod_d2e_norm_op1)
    __btod_div_common                        0x08000ea3   Thumb Code   696  btod.o(CL$$btod_div_common)
    _e2e                                     0x080011db   Thumb Code   220  btod.o(CL$$btod_e2e)
    _btod_ediv                               0x080012b7   Thumb Code    42  btod.o(CL$$btod_ediv)
    _btod_emul                               0x080012e1   Thumb Code    42  btod.o(CL$$btod_emul)
    __btod_mult_common                       0x0800130b   Thumb Code   580  btod.o(CL$$btod_mult_common)
    Beep_OFF                                 0x08001551   Thumb Code     8  gpio.o(i.Beep_OFF)
    Beep_ON                                  0x0800155d   Thumb Code    24  gpio.o(i.Beep_ON)
    BusFault_Handler                         0x0800157d   Thumb Code     2  stm32f1xx_it.o(i.BusFault_Handler)
    CDC_Transmit_FS                          0x0800176d   Thumb Code    38  usbd_cdc_if.o(i.CDC_Transmit_FS)
    Create_SN                                0x08001799   Thumb Code    82  main.o(i.Create_SN)
    DebugMon_Handler                         0x080017f5   Thumb Code     2  stm32f1xx_it.o(i.DebugMon_Handler)
    Enable_USB                               0x080017f9   Thumb Code    46  main.o(i.Enable_USB)
    EraseFlashColorLogoPages                 0x0800182d   Thumb Code    36  user_flash.o(i.EraseFlashColorLogoPages)
    EraseFlashIconPages                      0x08001855   Thumb Code    36  user_flash.o(i.EraseFlashIconPages)
    EraseFlashLogoPages                      0x0800187d   Thumb Code    36  user_flash.o(i.EraseFlashLogoPages)
    EraseFlashPages                          0x080018a5   Thumb Code    36  user_flash.o(i.EraseFlashPages)
    Error_Handler                            0x080018cd   Thumb Code     4  main.o(i.Error_Handler)
    FLASH_PageErase                          0x080018d1   Thumb Code    28  stm32f1xx_hal_flash_ex.o(i.FLASH_PageErase)
    FLASH_WaitForLastOperation               0x0800196d   Thumb Code    80  stm32f1xx_hal_flash.o(i.FLASH_WaitForLastOperation)
    Get_Code                                 0x080019c1   Thumb Code   840  main.o(i.Get_Code)
    Get_Sys_Temp                             0x08001d91   Thumb Code    72  user_adc.o(i.Get_Sys_Temp)
    Get_Sys_Temp_Filter                      0x08001df9   Thumb Code    42  user_adc.o(i.Get_Sys_Temp_Filter)
    Get_Temp_Filter                          0x08001e2d   Thumb Code    42  user_adc.o(i.Get_Temp_Filter)
    Get_Vin_Filter                           0x08001e61   Thumb Code    42  user_adc.o(i.Get_Vin_Filter)
    Get_temp                                 0x08001e95   Thumb Code    52  user_adc.o(i.Get_temp)
    Get_vin                                  0x08001ed5   Thumb Code    36  user_adc.o(i.Get_vin)
    HAL_Delay                                0x08001f01   Thumb Code    32  stm32f1xx_hal.o(i.HAL_Delay)
    HAL_FLASH_Lock                           0x08001f25   Thumb Code    14  stm32f1xx_hal_flash.o(i.HAL_FLASH_Lock)
    HAL_FLASH_Program                        0x08001f39   Thumb Code   120  stm32f1xx_hal_flash.o(i.HAL_FLASH_Program)
    HAL_FLASH_Unlock                         0x08001fb9   Thumb Code    28  stm32f1xx_hal_flash.o(i.HAL_FLASH_Unlock)
    HAL_GPIO_Init                            0x08001fe1   Thumb Code   462  stm32f1xx_hal_gpio.o(i.HAL_GPIO_Init)
    HAL_GPIO_ReadPin                         0x080021d9   Thumb Code    10  stm32f1xx_hal_gpio.o(i.HAL_GPIO_ReadPin)
    HAL_GPIO_TogglePin                       0x080021e3   Thumb Code    16  stm32f1xx_hal_gpio.o(i.HAL_GPIO_TogglePin)
    HAL_GPIO_WritePin                        0x080021f3   Thumb Code    10  stm32f1xx_hal_gpio.o(i.HAL_GPIO_WritePin)
    HAL_GetTick                              0x080021fd   Thumb Code     6  stm32f1xx_hal.o(i.HAL_GetTick)
    HAL_IncTick                              0x08002209   Thumb Code    12  stm32f1xx_hal.o(i.HAL_IncTick)
    HAL_Init                                 0x08002219   Thumb Code    32  stm32f1xx_hal.o(i.HAL_Init)
    HAL_InitTick                             0x0800223d   Thumb Code    54  stm32f1xx_hal.o(i.HAL_InitTick)
    HAL_MspInit                              0x0800227d   Thumb Code    38  stm32f1xx_hal_msp.o(i.HAL_MspInit)
    HAL_NVIC_EnableIRQ                       0x080022a9   Thumb Code    26  stm32f1xx_hal_cortex.o(i.HAL_NVIC_EnableIRQ)
    HAL_NVIC_SetPriority                     0x080022c5   Thumb Code    60  stm32f1xx_hal_cortex.o(i.HAL_NVIC_SetPriority)
    HAL_NVIC_SetPriorityGrouping             0x08002305   Thumb Code    26  stm32f1xx_hal_cortex.o(i.HAL_NVIC_SetPriorityGrouping)
    HAL_PCDEx_PMAConfig                      0x08002329   Thumb Code    60  stm32f1xx_hal_pcd_ex.o(i.HAL_PCDEx_PMAConfig)
    HAL_PCDEx_SetConnectionState             0x08002365   Thumb Code     2  usbd_conf.o(i.HAL_PCDEx_SetConnectionState)
    HAL_PCD_DataInStageCallback              0x08002367   Thumb Code    18  usbd_conf.o(i.HAL_PCD_DataInStageCallback)
    HAL_PCD_DataOutStageCallback             0x08002379   Thumb Code    20  usbd_conf.o(i.HAL_PCD_DataOutStageCallback)
    HAL_PCD_EP_Close                         0x0800238d   Thumb Code    76  stm32f1xx_hal_pcd.o(i.HAL_PCD_EP_Close)
    HAL_PCD_EP_ClrStall                      0x080023d9   Thumb Code    92  stm32f1xx_hal_pcd.o(i.HAL_PCD_EP_ClrStall)
    HAL_PCD_EP_GetRxCount                    0x0800284b   Thumb Code    18  stm32f1xx_hal_pcd.o(i.HAL_PCD_EP_GetRxCount)
    HAL_PCD_EP_Open                          0x0800285d   Thumb Code    96  stm32f1xx_hal_pcd.o(i.HAL_PCD_EP_Open)
    HAL_PCD_EP_Receive                       0x080028bd   Thumb Code    50  stm32f1xx_hal_pcd.o(i.HAL_PCD_EP_Receive)
    HAL_PCD_EP_SetStall                      0x080028ef   Thumb Code   114  stm32f1xx_hal_pcd.o(i.HAL_PCD_EP_SetStall)
    HAL_PCD_EP_Transmit                      0x08002961   Thumb Code    52  stm32f1xx_hal_pcd.o(i.HAL_PCD_EP_Transmit)
    HAL_PCD_IRQHandler                       0x08002995   Thumb Code   340  stm32f1xx_hal_pcd.o(i.HAL_PCD_IRQHandler)
    HAL_PCD_Init                             0x08002ae9   Thumb Code   218  stm32f1xx_hal_pcd.o(i.HAL_PCD_Init)
    HAL_PCD_MspInit                          0x08002bc5   Thumb Code    50  usbd_conf.o(i.HAL_PCD_MspInit)
    HAL_PCD_ResetCallback                    0x08002c01   Thumb Code    38  usbd_conf.o(i.HAL_PCD_ResetCallback)
    HAL_PCD_ResumeCallback                   0x08002c27   Thumb Code     8  usbd_conf.o(i.HAL_PCD_ResumeCallback)
    HAL_PCD_SOFCallback                      0x08002c2f   Thumb Code     8  usbd_conf.o(i.HAL_PCD_SOFCallback)
    HAL_PCD_SetAddress                       0x08002c37   Thumb Code    40  stm32f1xx_hal_pcd.o(i.HAL_PCD_SetAddress)
    HAL_PCD_SetupStageCallback               0x08002c5f   Thumb Code    14  usbd_conf.o(i.HAL_PCD_SetupStageCallback)
    HAL_PCD_Start                            0x08002c6d   Thumb Code    50  stm32f1xx_hal_pcd.o(i.HAL_PCD_Start)
    HAL_PCD_SuspendCallback                  0x08002ca1   Thumb Code    30  usbd_conf.o(i.HAL_PCD_SuspendCallback)
    HAL_RCCEx_PeriphCLKConfig                0x08002cc5   Thumb Code   224  stm32f1xx_hal_rcc_ex.o(i.HAL_RCCEx_PeriphCLKConfig)
    HAL_RCC_ClockConfig                      0x08002db1   Thumb Code   280  stm32f1xx_hal_rcc.o(i.HAL_RCC_ClockConfig)
    HAL_RCC_GetSysClockFreq                  0x08002edd   Thumb Code    74  stm32f1xx_hal_rcc.o(i.HAL_RCC_GetSysClockFreq)
    HAL_RCC_OscConfig                        0x08002f49   Thumb Code   778  stm32f1xx_hal_rcc.o(i.HAL_RCC_OscConfig)
    HAL_SYSTICK_Config                       0x08003269   Thumb Code    40  stm32f1xx_hal_cortex.o(i.HAL_SYSTICK_Config)
    HardFault_Handler                        0x08003291   Thumb Code     2  stm32f1xx_it.o(i.HardFault_Handler)
    JumpToAPP                                0x080032cd   Thumb Code    72  main.o(i.JumpToAPP)
    LCD_Address_Set                          0x0800332d   Thumb Code   106  lcd.o(i.LCD_Address_Set)
    LCD_Clear                                0x080033a1   Thumb Code    58  lcd.o(i.LCD_Clear)
    LCD_DrawLine                             0x080033db   Thumb Code   156  lcd.o(i.LCD_DrawLine)
    LCD_DrawPoint                            0x08003477   Thumb Code    22  lcd.o(i.LCD_DrawPoint)
    LCD_DrawRectangle                        0x0800348d   Thumb Code    68  lcd.o(i.LCD_DrawRectangle)
    LCD_ShowChar                             0x080034d1   Thumb Code    92  lcd.o(i.LCD_ShowChar)
    LCD_ShowChar_new                         0x08003535   Thumb Code   178  lcd.o(i.LCD_ShowChar_new)
    LCD_ShowNum                              0x080035f5   Thumb Code   102  lcd.o(i.LCD_ShowNum)
    LCD_ShowString_new                       0x0800365d   Thumb Code    92  lcd.o(i.LCD_ShowString_new)
    LCD_WR_DATA                              0x080036bd   Thumb Code    20  lcd.o(i.LCD_WR_DATA)
    LCD_WR_REG                               0x080036d1   Thumb Code    16  lcd.o(i.LCD_WR_REG)
    LL_ADC_CommonInit                        0x080036e5   Thumb Code    70  stm32f1xx_ll_adc.o(i.LL_ADC_CommonInit)
    LL_ADC_Init                              0x08003739   Thumb Code    44  stm32f1xx_ll_adc.o(i.LL_ADC_Init)
    LL_ADC_REG_Init                          0x08003765   Thumb Code    78  stm32f1xx_ll_adc.o(i.LL_ADC_REG_Init)
    LL_GPIO_Init                             0x08003891   Thumb Code   240  stm32f1xx_ll_gpio.o(i.LL_GPIO_Init)
    LL_SPI_Init                              0x08003981   Thumb Code   100  stm32f1xx_ll_spi.o(i.LL_SPI_Init)
    LL_TIM_BDTR_Init                         0x080039e5   Thumb Code    58  stm32f1xx_ll_tim.o(i.LL_TIM_BDTR_Init)
    LL_TIM_Init                              0x08003a21   Thumb Code   120  stm32f1xx_ll_tim.o(i.LL_TIM_Init)
    LL_TIM_OC_Init                           0x08003aad   Thumb Code   446  stm32f1xx_ll_tim.o(i.LL_TIM_OC_Init)
    LL_mDelay                                0x08003c75   Thumb Code    30  stm32f1xx_ll_utils.o(i.LL_mDelay)
    Lcd_Init                                 0x08003c95   Thumb Code   692  lcd.o(i.Lcd_Init)
    MX_ADC1_Init                             0x08003fdd   Thumb Code   538  adc.o(i.MX_ADC1_Init)
    MX_GPIO_Init                             0x08004225   Thumb Code   216  gpio.o(i.MX_GPIO_Init)
    MX_SPI1_Init                             0x0800430d   Thumb Code   142  spi.o(i.MX_SPI1_Init)
    MX_TIM1_Init                             0x080043ad   Thumb Code   226  tim.o(i.MX_TIM1_Init)
    MX_TIM4_Init                             0x080044a1   Thumb Code   154  tim.o(i.MX_TIM4_Init)
    MX_USB_DEVICE_Init                       0x0800454d   Thumb Code    66  usb_device.o(i.MX_USB_DEVICE_Init)
    MemManage_Handler                        0x080045a1   Thumb Code     2  stm32f1xx_it.o(i.MemManage_Handler)
    NMI_Handler                              0x080045a3   Thumb Code     2  stm32f1xx_it.o(i.NMI_Handler)
    PendSV_Handler                           0x080048b9   Thumb Code     2  stm32f1xx_it.o(i.PendSV_Handler)
    Progress_Bar                             0x080048bd   Thumb Code   118  lcd.o(i.Progress_Bar)
    RGB_COLOR                                0x08004941   Thumb Code    18  lcd.o(i.RGB_COLOR)
    SPI_WriteByte                            0x08004955   Thumb Code    52  spi.o(i.SPI_WriteByte)
    SPI_WriteByte_16                         0x0800498d   Thumb Code    20  spi.o(i.SPI_WriteByte_16)
    STMFLASH_Read                            0x080049a1   Thumb Code    26  user_flash.o(i.STMFLASH_Read)
    STMFLASH_Write                           0x080049bd   Thumb Code   216  user_flash.o(i.STMFLASH_Write)
    STMFLASH_Write_NoCheck                   0x08004a9d   Thumb Code    44  user_flash.o(i.STMFLASH_Write_NoCheck)
    SVC_Handler                              0x08004ac9   Thumb Code     2  stm32f1xx_it.o(i.SVC_Handler)
    ShowChar6x8                              0x08004acd   Thumb Code    94  lcd.o(i.ShowChar6x8)
    ShowString6x8                            0x08004b35   Thumb Code    44  lcd.o(i.ShowString6x8)
    Show_Info                                0x08004b61   Thumb Code    94  lcd.o(i.Show_Info)
    Show_TEST_UI                             0x08004bf9   Thumb Code   262  lcd.o(i.Show_TEST_UI)
    Single_Data_Read                         0x08004db5   Thumb Code     4  user_flash.o(i.Single_Data_Read)
    Single_Data_Write                        0x08004db9   Thumb Code    12  user_flash.o(i.Single_Data_Write)
    SysTick_Handler                          0x08004dc5   Thumb Code     4  stm32f1xx_it.o(i.SysTick_Handler)
    SystemClock_Config                       0x08004dc9   Thumb Code   120  main.o(i.SystemClock_Config)
    SystemInit                               0x08004e41   Thumb Code     2  system_stm32f1xx.o(i.SystemInit)
    TIM4_IRQHandler                          0x08004e45   Thumb Code   234  stm32f1xx_it.o(i.TIM4_IRQHandler)
    USBD_CDC_GetDeviceQualifierDescriptor    0x08005031   Thumb Code     8  usbd_cdc.o(i.USBD_CDC_GetDeviceQualifierDescriptor)
    USBD_CDC_ReceivePacket                   0x080050f5   Thumb Code    40  usbd_cdc.o(i.USBD_CDC_ReceivePacket)
    USBD_CDC_RegisterInterface               0x0800511d   Thumb Code    16  usbd_cdc.o(i.USBD_CDC_RegisterInterface)
    USBD_CDC_SetRxBuffer                     0x0800512d   Thumb Code    12  usbd_cdc.o(i.USBD_CDC_SetRxBuffer)
    USBD_CDC_SetTxBuffer                     0x08005139   Thumb Code    16  usbd_cdc.o(i.USBD_CDC_SetTxBuffer)
    USBD_CDC_TransmitPacket                  0x080051f5   Thumb Code    54  usbd_cdc.o(i.USBD_CDC_TransmitPacket)
    USBD_ClrClassConfig                      0x0800522b   Thumb Code    14  usbd_core.o(i.USBD_ClrClassConfig)
    USBD_CtlContinueRx                       0x08005239   Thumb Code    16  usbd_ioreq.o(i.USBD_CtlContinueRx)
    USBD_CtlContinueSendData                 0x08005249   Thumb Code    16  usbd_ioreq.o(i.USBD_CtlContinueSendData)
    USBD_CtlError                            0x08005259   Thumb Code    22  usbd_ctlreq.o(i.USBD_CtlError)
    USBD_CtlPrepareRx                        0x0800526f   Thumb Code    30  usbd_ioreq.o(i.USBD_CtlPrepareRx)
    USBD_CtlReceiveStatus                    0x0800528d   Thumb Code    22  usbd_ioreq.o(i.USBD_CtlReceiveStatus)
    USBD_CtlSendData                         0x080052a3   Thumb Code    26  usbd_ioreq.o(i.USBD_CtlSendData)
    USBD_CtlSendStatus                       0x080052bd   Thumb Code    22  usbd_ioreq.o(i.USBD_CtlSendStatus)
    USBD_FS_ConfigStrDescriptor              0x080052d5   Thumb Code    16  usbd_desc.o(i.USBD_FS_ConfigStrDescriptor)
    USBD_FS_DeviceDescriptor                 0x080052f5   Thumb Code     8  usbd_desc.o(i.USBD_FS_DeviceDescriptor)
    USBD_FS_InterfaceStrDescriptor           0x08005301   Thumb Code    16  usbd_desc.o(i.USBD_FS_InterfaceStrDescriptor)
    USBD_FS_LangIDStrDescriptor              0x08005325   Thumb Code     8  usbd_desc.o(i.USBD_FS_LangIDStrDescriptor)
    USBD_FS_ManufacturerStrDescriptor        0x08005331   Thumb Code    16  usbd_desc.o(i.USBD_FS_ManufacturerStrDescriptor)
    USBD_FS_ProductStrDescriptor             0x08005359   Thumb Code    16  usbd_desc.o(i.USBD_FS_ProductStrDescriptor)
    USBD_FS_SerialStrDescriptor              0x08005385   Thumb Code    48  usbd_desc.o(i.USBD_FS_SerialStrDescriptor)
    USBD_GetString                           0x080054a5   Thumb Code    72  usbd_ctlreq.o(i.USBD_GetString)
    USBD_Init                                0x08005505   Thumb Code    42  usbd_core.o(i.USBD_Init)
    USBD_LL_ClearStallEP                     0x0800552f   Thumb Code    18  usbd_conf.o(i.USBD_LL_ClearStallEP)
    USBD_LL_CloseEP                          0x08005541   Thumb Code    18  usbd_conf.o(i.USBD_LL_CloseEP)
    USBD_LL_DataInStage                      0x08005553   Thumb Code   198  usbd_core.o(i.USBD_LL_DataInStage)
    USBD_LL_DataOutStage                     0x08005619   Thumb Code   130  usbd_core.o(i.USBD_LL_DataOutStage)
    USBD_LL_GetRxDataSize                    0x0800569b   Thumb Code     8  usbd_conf.o(i.USBD_LL_GetRxDataSize)
    USBD_LL_Init                             0x080056a5   Thumb Code   118  usbd_conf.o(i.USBD_LL_Init)
    USBD_LL_IsStallEP                        0x08005725   Thumb Code    32  usbd_conf.o(i.USBD_LL_IsStallEP)
    USBD_LL_OpenEP                           0x08005745   Thumb Code    24  usbd_conf.o(i.USBD_LL_OpenEP)
    USBD_LL_PrepareReceive                   0x0800575d   Thumb Code    18  usbd_conf.o(i.USBD_LL_PrepareReceive)
    USBD_LL_Reset                            0x0800576f   Thumb Code    80  usbd_core.o(i.USBD_LL_Reset)
    USBD_LL_Resume                           0x080057bf   Thumb Code    20  usbd_core.o(i.USBD_LL_Resume)
    USBD_LL_SOF                              0x080057d3   Thumb Code    24  usbd_core.o(i.USBD_LL_SOF)
    USBD_LL_SetSpeed                         0x080057eb   Thumb Code     6  usbd_core.o(i.USBD_LL_SetSpeed)
    USBD_LL_SetUSBAddress                    0x080057f1   Thumb Code    18  usbd_conf.o(i.USBD_LL_SetUSBAddress)
    USBD_LL_SetupStage                       0x08005803   Thumb Code    90  usbd_core.o(i.USBD_LL_SetupStage)
    USBD_LL_StallEP                          0x0800585d   Thumb Code    18  usbd_conf.o(i.USBD_LL_StallEP)
    USBD_LL_Start                            0x0800586f   Thumb Code    18  usbd_conf.o(i.USBD_LL_Start)
    USBD_LL_Suspend                          0x08005881   Thumb Code    18  usbd_core.o(i.USBD_LL_Suspend)
    USBD_LL_Transmit                         0x08005893   Thumb Code    18  usbd_conf.o(i.USBD_LL_Transmit)
    USBD_ParseSetupRequest                   0x080058a5   Thumb Code    40  usbd_ctlreq.o(i.USBD_ParseSetupRequest)
    USBD_RegisterClass                       0x080058cd   Thumb Code    16  usbd_core.o(i.USBD_RegisterClass)
    USBD_SetClassConfig                      0x080058dd   Thumb Code    22  usbd_core.o(i.USBD_SetClassConfig)
    USBD_Start                               0x08005979   Thumb Code    10  usbd_core.o(i.USBD_Start)
    USBD_StdDevReq                           0x08005983   Thumb Code   274  usbd_ctlreq.o(i.USBD_StdDevReq)
    USBD_StdEPReq                            0x08005a95   Thumb Code   336  usbd_ctlreq.o(i.USBD_StdEPReq)
    USBD_StdItfReq                           0x08005be5   Thumb Code    78  usbd_ctlreq.o(i.USBD_StdItfReq)
    USBD_static_free                         0x08005c33   Thumb Code     2  usbd_conf.o(i.USBD_static_free)
    USBD_static_malloc                       0x08005c35   Thumb Code     4  usbd_conf.o(i.USBD_static_malloc)
    USB_ActivateEndpoint                     0x08005c3d   Thumb Code   600  stm32f1xx_ll_usb.o(i.USB_ActivateEndpoint)
    USB_CoreInit                             0x08005e95   Thumb Code     4  stm32f1xx_ll_usb.o(i.USB_CoreInit)
    USB_DeactivateEndpoint                   0x08005e99   Thumb Code   270  stm32f1xx_ll_usb.o(i.USB_DeactivateEndpoint)
    USB_DevConnect                           0x08005fa7   Thumb Code     4  stm32f1xx_ll_usb.o(i.USB_DevConnect)
    USB_DevDisconnect                        0x08005fab   Thumb Code     4  stm32f1xx_ll_usb.o(i.USB_DevDisconnect)
    USB_DevInit                              0x08005faf   Thumb Code    18  stm32f1xx_ll_usb.o(i.USB_DevInit)
    USB_DisableGlobalInt                     0x08005fc1   Thumb Code    14  stm32f1xx_ll_usb.o(i.USB_DisableGlobalInt)
    USB_EP0_OutStart                         0x08005fcf   Thumb Code     4  stm32f1xx_ll_usb.o(i.USB_EP0_OutStart)
    USB_EPClearStall                         0x08005fd3   Thumb Code   120  stm32f1xx_ll_usb.o(i.USB_EPClearStall)
    USB_EPSetStall                           0x0800604b   Thumb Code    50  stm32f1xx_ll_usb.o(i.USB_EPSetStall)
    USB_EPStartXfer                          0x0800607d   Thumb Code  1548  stm32f1xx_ll_usb.o(i.USB_EPStartXfer)
    USB_EnableGlobalInt                      0x08006689   Thumb Code    18  stm32f1xx_ll_usb.o(i.USB_EnableGlobalInt)
    USB_LP_CAN1_RX0_IRQHandler               0x0800669d   Thumb Code     6  stm32f1xx_it.o(i.USB_LP_CAN1_RX0_IRQHandler)
    USB_Port_Set                             0x080066a9   Thumb Code    74  main.o(i.USB_Port_Set)
    USB_ReadInterrupts                       0x08006705   Thumb Code     6  stm32f1xx_ll_usb.o(i.USB_ReadInterrupts)
    USB_ReadPMA                              0x0800670d   Thumb Code    44  stm32f1xx_ll_usb.o(i.USB_ReadPMA)
    USB_SetCurrentMode                       0x08006739   Thumb Code     4  stm32f1xx_ll_usb.o(i.USB_SetCurrentMode)
    USB_SetDevAddress                        0x0800673d   Thumb Code    12  stm32f1xx_ll_usb.o(i.USB_SetDevAddress)
    USB_WritePMA                             0x08006749   Thumb Code    38  stm32f1xx_ll_usb.o(i.USB_WritePMA)
    UsageFault_Handler                       0x0800676f   Thumb Code     2  stm32f1xx_it.o(i.UsageFault_Handler)
    __ARM_fpclassify                         0x08006771   Thumb Code    40  fpclassify.o(i.__ARM_fpclassify)
    _is_digit                                0x080067b9   Thumb Code    14  __printf_wp.o(i._is_digit)
    lcd_send_cmd                             0x080067c9   Thumb Code    16  spi.o(i.lcd_send_cmd)
    lcd_send_data                            0x080067dd   Thumb Code    26  spi.o(i.lcd_send_data)
    main                                     0x080067f9   Thumb Code   278  main.o(i.main)
    mypow                                    0x08006925   Thumb Code    16  lcd.o(i.mypow)
    _get_lc_numeric                          0x08006935   Thumb Code    44  lc_numeric_c.o(locale$$code)
    __aeabi_d2f                              0x08006961   Thumb Code     0  d2f.o(x$fpl$d2f)
    _d2f                                     0x08006961   Thumb Code    98  d2f.o(x$fpl$d2f)
    __aeabi_dadd                             0x080069c5   Thumb Code     0  daddsub_clz.o(x$fpl$dadd)
    _dadd                                    0x080069c5   Thumb Code   332  daddsub_clz.o(x$fpl$dadd)
    __aeabi_ddiv                             0x08006b15   Thumb Code     0  ddiv.o(x$fpl$ddiv)
    _ddiv                                    0x08006b15   Thumb Code   552  ddiv.o(x$fpl$ddiv)
    __fpl_dnaninf                            0x08006dc5   Thumb Code   156  dnaninf.o(x$fpl$dnaninf)
    __fpl_dretinf                            0x08006e61   Thumb Code    12  dretinf.o(x$fpl$dretinf)
    __aeabi_drsub                            0x08006e6d   Thumb Code     0  daddsub_clz.o(x$fpl$drsb)
    _drsb                                    0x08006e6d   Thumb Code    22  daddsub_clz.o(x$fpl$drsb)
    __aeabi_dsub                             0x08006e85   Thumb Code     0  daddsub_clz.o(x$fpl$dsub)
    _dsub                                    0x08006e85   Thumb Code   464  daddsub_clz.o(x$fpl$dsub)
    __aeabi_f2d                              0x08007059   Thumb Code     0  f2d.o(x$fpl$f2d)
    _f2d                                     0x08007059   Thumb Code    86  f2d.o(x$fpl$f2d)
    __aeabi_fadd                             0x080070b1   Thumb Code     0  faddsub_clz.o(x$fpl$fadd)
    _fadd                                    0x080070b1   Thumb Code   196  faddsub_clz.o(x$fpl$fadd)
    __fpl_fcheck_NaN1                        0x08007175   Thumb Code     6  fcheck1.o(x$fpl$fcheck1)
    __fpl_fcmp_Inf                           0x08007181   Thumb Code    24  fcmpi.o(x$fpl$fcmpinf)
    __aeabi_fdiv                             0x08007199   Thumb Code     0  fdiv.o(x$fpl$fdiv)
    _fdiv                                    0x08007199   Thumb Code   384  fdiv.o(x$fpl$fdiv)
    __aeabi_i2f                              0x0800731d   Thumb Code     0  fflt_clz.o(x$fpl$fflt)
    _fflt                                    0x0800731d   Thumb Code    48  fflt_clz.o(x$fpl$fflt)
    __aeabi_ui2f                             0x0800734d   Thumb Code     0  fflt_clz.o(x$fpl$ffltu)
    _ffltu                                   0x0800734d   Thumb Code    38  fflt_clz.o(x$fpl$ffltu)
    __aeabi_cfcmple                          0x08007375   Thumb Code     0  fleqf.o(x$fpl$fleqf)
    _fcmple                                  0x08007375   Thumb Code   104  fleqf.o(x$fpl$fleqf)
    __fpl_fcmple_InfNaN                      0x080073c7   Thumb Code     0  fleqf.o(x$fpl$fleqf)
    __aeabi_fmul                             0x080073dd   Thumb Code     0  fmul.o(x$fpl$fmul)
    _fmul                                    0x080073dd   Thumb Code   258  fmul.o(x$fpl$fmul)
    __fpl_fnaninf                            0x080074df   Thumb Code   140  fnaninf.o(x$fpl$fnaninf)
    __fpl_fretinf                            0x0800756b   Thumb Code    10  fretinf.o(x$fpl$fretinf)
    __aeabi_fsub                             0x08007575   Thumb Code     0  faddsub_clz.o(x$fpl$fsub)
    _fsub                                    0x08007575   Thumb Code   234  faddsub_clz.o(x$fpl$fsub)
    _printf_fp_dec                           0x0800765f   Thumb Code     4  printf1.o(x$fpl$printf1)
    __fpl_return_NaN                         0x08007663   Thumb Code   100  retnan.o(x$fpl$retnan)
    __ARM_scalbnf                            0x080076c7   Thumb Code    76  scalbnf.o(x$fpl$scalbnf)
    __fpl_cmpreturn                          0x08007713   Thumb Code    48  trapv.o(x$fpl$trapveneer)
    __I$use$fp                               0x08007742   Number         0  usenofp.o(x$fpl$usenofp)
    asc2_0806                                0x08007742   Data         552  font_lib.o(.constdata)
    asc2_1608                                0x0800796a   Data        1520  font_lib.o(.constdata)
    AHBPrescTable                            0x08007f78   Data          16  system_stm32f1xx.o(.constdata)
    Region$$Table$$Base                      0x08008030   Number         0  anon$$obj.o(Region$$Table)
    Region$$Table$$Limit                     0x08008050   Number         0  anon$$obj.o(Region$$Table)
    X_DEV                                    0x20000000   Data           1  lcd.o(.data)
    Y_DEV                                    0x20000001   Data           1  lcd.o(.data)
    BACK_COLOR                               0x20000002   Data           2  lcd.o(.data)
    write_counter                            0x20000004   Data           4  main.o(.data)
    JumpToApplication                        0x20000008   Data           4  main.o(.data)
    JumpAddress                              0x2000000c   Data           4  main.o(.data)
    Beep_counter                             0x20000010   Data           1  gpio.o(.data)
    Sys_Volume                               0x20000011   Data           1  gpio.o(.data)
    Beep_Ring_flag                           0x20000012   Data           1  gpio.o(.data)
    Screen_time                              0x20000014   Data           1  stm32f1xx_it.o(.data)
    Screen_flag                              0x20000015   Data           1  stm32f1xx_it.o(.data)
    tim4_counter                             0x20000018   Data           4  stm32f1xx_it.o(.data)
    Iron_PWM                                 0x2000001c   Data           2  user_adc.o(.data)
    Now_Temp_AD                              0x20000020   Data           2  user_adc.o(.data)
    Now_Current_AD                           0x20000022   Data           2  user_adc.o(.data)
    Voltage_Reference                        0x20000024   Data           4  user_adc.o(.data)
    KFP_Current_AD                           0x20000028   Data          24  user_adc.o(.data)
    FS_Desc                                  0x20000040   Data          28  usbd_desc.o(.data)
    USBD_LangIDDesc                          0x2000005c   Data           4  usbd_desc.o(.data)
    USBD_FS_DeviceDesc                       0x20000060   Data          18  usbd_desc.o(.data)
    USBD_StringSerial                        0x20000074   Data          26  usbd_desc.o(.data)
    update_flag                              0x2000008e   Data           1  usbd_cdc_if.o(.data)
    progress_bar_num                         0x2000008f   Data           1  usbd_cdc_if.o(.data)
    rxIndex                                  0x20000090   Data           2  usbd_cdc_if.o(.data)
    CDKey                                    0x20000092   Data           3  usbd_cdc_if.o(.data)
    USBD_Interface_fops_FS                   0x20000098   Data          16  usbd_cdc_if.o(.data)
    uwTickFreq                               0x200000a8   Data           1  stm32f1xx_hal.o(.data)
    uwTickPrio                               0x200000ac   Data           4  stm32f1xx_hal.o(.data)
    uwTick                                   0x200000b0   Data           4  stm32f1xx_hal.o(.data)
    SystemCoreClock                          0x200000b4   Data           4  system_stm32f1xx.o(.data)
    USBD_CDC_CfgHSDesc                       0x200000c8   Data          67  usbd_cdc.o(.data)
    USBD_CDC_CfgFSDesc                       0x2000010c   Data          67  usbd_cdc.o(.data)
    USBD_CDC_OtherSpeedCfgDesc               0x20000150   Data          67  usbd_cdc.o(.data)
    USBD_CDC                                 0x20000194   Data          56  usbd_cdc.o(.data)
    STMFLASH_BUF                             0x200001cc   Data        2048  user_flash.o(.bss)
    print_text                               0x200009cc   Data          64  lcd.o(.bss)
    AD_DMA                                   0x20000a0c   Data          28  adc.o(.bss)
    Vin_Buf                                  0x20000a28   Data          42  user_adc.o(.bss)
    Iron_buf                                 0x20000a52   Data          42  user_adc.o(.bss)
    Temp_buf                                 0x20000a7c   Data          42  user_adc.o(.bss)
    Sys_Temp_buf                             0x20000aa6   Data          42  user_adc.o(.bss)
    Current_buf                              0x20000ad0   Data          42  user_adc.o(.bss)
    hUsbDeviceFS                             0x20000afc   Data         708  usb_device.o(.bss)
    USBD_StrDesc                             0x20000dc0   Data         512  usbd_desc.o(.bss)
    Receive_Data                             0x20000fc0   Data          64  usbd_cdc_if.o(.bss)
    UserRxBufferFS                           0x20001000   Data        1000  usbd_cdc_if.o(.bss)
    UserTxBufferFS                           0x200013e8   Data        1000  usbd_cdc_if.o(.bss)
    hpcd_USB_FS                              0x200019f0   Data         748  usbd_conf.o(.bss)
    pFlash                                   0x20001ce0   Data          32  stm32f1xx_hal_flash.o(.bss)
    __libspace_start                         0x20001d00   Data          96  libspace.o(.bss)
    __temporary_stack_top$libspace           0x20001d60   Data           0  libspace.o(.bss)



==============================================================================

Memory Map of the image

  Image Entry point : 0x08000131

  Load Region LR_IROM1 (Base: 0x08000000, Size: 0x00008238, Max: 0x00040000, ABSOLUTE, COMPRESSED[0x00008144])

    Execution Region ER_IROM1 (Exec base: 0x08000000, Load base: 0x08000000, Size: 0x0000806c, Max: 0x00040000, ABSOLUTE)

    Exec Addr    Load Addr    Size         Type   Attr      Idx    E Section Name        Object

    0x08000000   0x08000000   0x00000130   Data   RO            3    RESET               startup_stm32f103xe.o
    0x08000130   0x08000130   0x00000008   Code   RO         3935  * !!!main             c_w.l(__main.o)
    0x08000138   0x08000138   0x00000034   Code   RO         4297    !!!scatter          c_w.l(__scatter.o)
    0x0800016c   0x0800016c   0x0000005a   Code   RO         4295    !!dczerorl2         c_w.l(__dczerorl2.o)
    0x080001c6   0x080001c6   0x00000002   PAD
    0x080001c8   0x080001c8   0x0000001c   Code   RO         4299    !!handler_zi        c_w.l(__scatter_zi.o)
    0x080001e4   0x080001e4   0x00000000   Code   RO         3928    .ARM.Collect$$_printf_percent$$00000000  c_w.l(_printf_percent.o)
    0x080001e4   0x080001e4   0x00000006   Code   RO         3927    .ARM.Collect$$_printf_percent$$00000003  c_w.l(_printf_f.o)
    0x080001ea   0x080001ea   0x00000006   Code   RO         3926    .ARM.Collect$$_printf_percent$$00000009  c_w.l(_printf_d.o)
    0x080001f0   0x080001f0   0x00000004   Code   RO         4045    .ARM.Collect$$_printf_percent$$00000017  c_w.l(_printf_percent_end.o)
    0x080001f4   0x080001f4   0x00000002   Code   RO         4161    .ARM.Collect$$libinit$$00000000  c_w.l(libinit.o)
    0x080001f6   0x080001f6   0x00000000   Code   RO         4163    .ARM.Collect$$libinit$$00000002  c_w.l(libinit2.o)
    0x080001f6   0x080001f6   0x00000000   Code   RO         4165    .ARM.Collect$$libinit$$00000004  c_w.l(libinit2.o)
    0x080001f6   0x080001f6   0x00000000   Code   RO         4168    .ARM.Collect$$libinit$$0000000A  c_w.l(libinit2.o)
    0x080001f6   0x080001f6   0x00000000   Code   RO         4170    .ARM.Collect$$libinit$$0000000C  c_w.l(libinit2.o)
    0x080001f6   0x080001f6   0x00000000   Code   RO         4172    .ARM.Collect$$libinit$$0000000E  c_w.l(libinit2.o)
    0x080001f6   0x080001f6   0x00000006   Code   RO         4173    .ARM.Collect$$libinit$$0000000F  c_w.l(libinit2.o)
    0x080001fc   0x080001fc   0x00000000   Code   RO         4175    .ARM.Collect$$libinit$$00000011  c_w.l(libinit2.o)
    0x080001fc   0x080001fc   0x00000000   Code   RO         4177    .ARM.Collect$$libinit$$00000013  c_w.l(libinit2.o)
    0x080001fc   0x080001fc   0x00000000   Code   RO         4179    .ARM.Collect$$libinit$$00000015  c_w.l(libinit2.o)
    0x080001fc   0x080001fc   0x0000000a   Code   RO         4180    .ARM.Collect$$libinit$$00000016  c_w.l(libinit2.o)
    0x08000206   0x08000206   0x00000000   Code   RO         4181    .ARM.Collect$$libinit$$00000017  c_w.l(libinit2.o)
    0x08000206   0x08000206   0x00000000   Code   RO         4183    .ARM.Collect$$libinit$$00000019  c_w.l(libinit2.o)
    0x08000206   0x08000206   0x00000000   Code   RO         4185    .ARM.Collect$$libinit$$0000001B  c_w.l(libinit2.o)
    0x08000206   0x08000206   0x00000000   Code   RO         4187    .ARM.Collect$$libinit$$0000001D  c_w.l(libinit2.o)
    0x08000206   0x08000206   0x00000000   Code   RO         4189    .ARM.Collect$$libinit$$0000001F  c_w.l(libinit2.o)
    0x08000206   0x08000206   0x00000000   Code   RO         4191    .ARM.Collect$$libinit$$00000021  c_w.l(libinit2.o)
    0x08000206   0x08000206   0x00000000   Code   RO         4193    .ARM.Collect$$libinit$$00000023  c_w.l(libinit2.o)
    0x08000206   0x08000206   0x00000000   Code   RO         4195    .ARM.Collect$$libinit$$00000025  c_w.l(libinit2.o)
    0x08000206   0x08000206   0x00000000   Code   RO         4199    .ARM.Collect$$libinit$$0000002C  c_w.l(libinit2.o)
    0x08000206   0x08000206   0x00000000   Code   RO         4201    .ARM.Collect$$libinit$$0000002E  c_w.l(libinit2.o)
    0x08000206   0x08000206   0x00000000   Code   RO         4203    .ARM.Collect$$libinit$$00000030  c_w.l(libinit2.o)
    0x08000206   0x08000206   0x00000000   Code   RO         4205    .ARM.Collect$$libinit$$00000032  c_w.l(libinit2.o)
    0x08000206   0x08000206   0x00000002   Code   RO         4206    .ARM.Collect$$libinit$$00000033  c_w.l(libinit2.o)
    0x08000208   0x08000208   0x00000002   Code   RO         4241    .ARM.Collect$$libshutdown$$00000000  c_w.l(libshutdown.o)
    0x0800020a   0x0800020a   0x00000000   Code   RO         4252    .ARM.Collect$$libshutdown$$00000002  c_w.l(libshutdown2.o)
    0x0800020a   0x0800020a   0x00000000   Code   RO         4254    .ARM.Collect$$libshutdown$$00000004  c_w.l(libshutdown2.o)
    0x0800020a   0x0800020a   0x00000000   Code   RO         4256    .ARM.Collect$$libshutdown$$00000006  c_w.l(libshutdown2.o)
    0x0800020a   0x0800020a   0x00000000   Code   RO         4259    .ARM.Collect$$libshutdown$$00000009  c_w.l(libshutdown2.o)
    0x0800020a   0x0800020a   0x00000000   Code   RO         4262    .ARM.Collect$$libshutdown$$0000000C  c_w.l(libshutdown2.o)
    0x0800020a   0x0800020a   0x00000000   Code   RO         4264    .ARM.Collect$$libshutdown$$0000000E  c_w.l(libshutdown2.o)
    0x0800020a   0x0800020a   0x00000000   Code   RO         4267    .ARM.Collect$$libshutdown$$00000011  c_w.l(libshutdown2.o)
    0x0800020a   0x0800020a   0x00000002   Code   RO         4268    .ARM.Collect$$libshutdown$$00000012  c_w.l(libshutdown2.o)
    0x0800020c   0x0800020c   0x00000000   Code   RO         3985    .ARM.Collect$$rtentry$$00000000  c_w.l(__rtentry.o)
    0x0800020c   0x0800020c   0x00000000   Code   RO         4077    .ARM.Collect$$rtentry$$00000002  c_w.l(__rtentry2.o)
    0x0800020c   0x0800020c   0x00000006   Code   RO         4089    .ARM.Collect$$rtentry$$00000004  c_w.l(__rtentry4.o)
    0x08000212   0x08000212   0x00000000   Code   RO         4079    .ARM.Collect$$rtentry$$00000009  c_w.l(__rtentry2.o)
    0x08000212   0x08000212   0x00000004   Code   RO         4080    .ARM.Collect$$rtentry$$0000000A  c_w.l(__rtentry2.o)
    0x08000216   0x08000216   0x00000000   Code   RO         4082    .ARM.Collect$$rtentry$$0000000C  c_w.l(__rtentry2.o)
    0x08000216   0x08000216   0x00000008   Code   RO         4083    .ARM.Collect$$rtentry$$0000000D  c_w.l(__rtentry2.o)
    0x0800021e   0x0800021e   0x00000002   Code   RO         4209    .ARM.Collect$$rtexit$$00000000  c_w.l(rtexit.o)
    0x08000220   0x08000220   0x00000000   Code   RO         4219    .ARM.Collect$$rtexit$$00000002  c_w.l(rtexit2.o)
    0x08000220   0x08000220   0x00000004   Code   RO         4220    .ARM.Collect$$rtexit$$00000003  c_w.l(rtexit2.o)
    0x08000224   0x08000224   0x00000006   Code   RO         4221    .ARM.Collect$$rtexit$$00000004  c_w.l(rtexit2.o)
    0x0800022a   0x0800022a   0x00000002   PAD
    0x0800022c   0x0800022c   0x00000040   Code   RO            4    .text               startup_stm32f103xe.o
    0x0800026c   0x0800026c   0x00000026   Code   RO         3892    .text               c_w.l(llushr.o)
    0x08000292   0x08000292   0x00000002   PAD
    0x08000294   0x08000294   0x0000002c   Code   RO         3896    .text               c_w.l(__2sprintf.o)
    0x080002c0   0x080002c0   0x0000004e   Code   RO         3902    .text               c_w.l(_printf_pad.o)
    0x0800030e   0x0800030e   0x00000002   PAD
    0x08000310   0x08000310   0x00000078   Code   RO         3904    .text               c_w.l(_printf_dec.o)
    0x08000388   0x08000388   0x00000188   Code   RO         3923    .text               c_w.l(__printf_flags_ss_wp.o)
    0x08000510   0x08000510   0x00000064   Code   RO         3929    .text               c_w.l(rt_memcpy_w.o)
    0x08000574   0x08000574   0x0000004e   Code   RO         3931    .text               c_w.l(rt_memclr_w.o)
    0x080005c2   0x080005c2   0x00000006   Code   RO         3933    .text               c_w.l(heapauxi.o)
    0x080005c8   0x080005c8   0x000000b2   Code   RO         3990    .text               c_w.l(_printf_intcommon.o)
    0x0800067a   0x0800067a   0x0000041e   Code   RO         3994    .text               c_w.l(_printf_fp_dec.o)
    0x08000a98   0x08000a98   0x00000030   Code   RO         3996    .text               c_w.l(_printf_char_common.o)
    0x08000ac8   0x08000ac8   0x0000000a   Code   RO         3998    .text               c_w.l(_sputc.o)
    0x08000ad2   0x08000ad2   0x00000002   PAD
    0x08000ad4   0x08000ad4   0x00000008   Code   RO         4094    .text               c_w.l(rt_locale_intlibspace.o)
    0x08000adc   0x08000adc   0x0000008a   Code   RO         4096    .text               c_w.l(lludiv10.o)
    0x08000b66   0x08000b66   0x00000002   PAD
    0x08000b68   0x08000b68   0x00000080   Code   RO         4101    .text               c_w.l(_printf_fp_infnan.o)
    0x08000be8   0x08000be8   0x000000e4   Code   RO         4109    .text               c_w.l(bigflt0.o)
    0x08000ccc   0x08000ccc   0x00000008   Code   RO         4145    .text               c_w.l(libspace.o)
    0x08000cd4   0x08000cd4   0x0000004a   Code   RO         4148    .text               c_w.l(sys_stackheap_outer.o)
    0x08000d1e   0x08000d1e   0x00000012   Code   RO         4152    .text               c_w.l(exit.o)
    0x08000d30   0x08000d30   0x00000080   Code   RO         4154    .text               c_w.l(strcmpv7m.o)
    0x08000db0   0x08000db0   0x0000000c   Code   RO         4231    .text               c_w.l(sys_exit.o)
    0x08000dbc   0x08000dbc   0x00000002   Code   RO         4242    .text               c_w.l(use_no_semi.o)
    0x08000dbe   0x08000dbe   0x00000000   Code   RO         4244    .text               c_w.l(indicate_semi.o)
    0x08000dbe   0x08000dbe   0x0000003e   Code   RO         4112    CL$$btod_d2e        c_w.l(btod.o)
    0x08000dfc   0x08000dfc   0x00000046   Code   RO         4114    CL$$btod_d2e_denorm_low  c_w.l(btod.o)
    0x08000e42   0x08000e42   0x00000060   Code   RO         4113    CL$$btod_d2e_norm_op1  c_w.l(btod.o)
    0x08000ea2   0x08000ea2   0x00000338   Code   RO         4122    CL$$btod_div_common  c_w.l(btod.o)
    0x080011da   0x080011da   0x000000dc   Code   RO         4119    CL$$btod_e2e        c_w.l(btod.o)
    0x080012b6   0x080012b6   0x0000002a   Code   RO         4116    CL$$btod_ediv       c_w.l(btod.o)
    0x080012e0   0x080012e0   0x0000002a   Code   RO         4115    CL$$btod_emul       c_w.l(btod.o)
    0x0800130a   0x0800130a   0x00000244   Code   RO         4121    CL$$btod_mult_common  c_w.l(btod.o)
    0x0800154e   0x0800154e   0x00000002   PAD
    0x08001550   0x08001550   0x0000000c   Code   RO          585    i.Beep_OFF          gpio.o
    0x0800155c   0x0800155c   0x00000020   Code   RO          586    i.Beep_ON           gpio.o
    0x0800157c   0x0800157c   0x00000002   Code   RO          694    i.BusFault_Handler  stm32f1xx_it.o
    0x0800157e   0x0800157e   0x00000004   Code   RO         1166    i.CDC_Control_FS    usbd_cdc_if.o
    0x08001582   0x08001582   0x00000004   Code   RO         1167    i.CDC_DeInit_FS     usbd_cdc_if.o
    0x08001586   0x08001586   0x00000002   PAD
    0x08001588   0x08001588   0x00000024   Code   RO         1168    i.CDC_Init_FS       usbd_cdc_if.o
    0x080015ac   0x080015ac   0x000001c0   Code   RO         1169    i.CDC_Receive_FS    usbd_cdc_if.o
    0x0800176c   0x0800176c   0x0000002c   Code   RO         1170    i.CDC_Transmit_FS   usbd_cdc_if.o
    0x08001798   0x08001798   0x0000005c   Code   RO          465    i.Create_SN         main.o
    0x080017f4   0x080017f4   0x00000002   Code   RO          695    i.DebugMon_Handler  stm32f1xx_it.o
    0x080017f6   0x080017f6   0x00000002   PAD
    0x080017f8   0x080017f8   0x00000034   Code   RO          466    i.Enable_USB        main.o
    0x0800182c   0x0800182c   0x00000028   Code   RO           13    i.EraseFlashColorLogoPages  user_flash.o
    0x08001854   0x08001854   0x00000028   Code   RO           14    i.EraseFlashIconPages  user_flash.o
    0x0800187c   0x0800187c   0x00000028   Code   RO           15    i.EraseFlashLogoPages  user_flash.o
    0x080018a4   0x080018a4   0x00000028   Code   RO           16    i.EraseFlashPages   user_flash.o
    0x080018cc   0x080018cc   0x00000004   Code   RO          467    i.Error_Handler     main.o
    0x080018d0   0x080018d0   0x00000024   Code   RO         2755    i.FLASH_PageErase   stm32f1xx_hal_flash_ex.o
    0x080018f4   0x080018f4   0x0000001c   Code   RO         2647    i.FLASH_Program_HalfWord  stm32f1xx_hal_flash.o
    0x08001910   0x08001910   0x0000005c   Code   RO         2648    i.FLASH_SetErrorCode  stm32f1xx_hal_flash.o
    0x0800196c   0x0800196c   0x00000054   Code   RO         2649    i.FLASH_WaitForLastOperation  stm32f1xx_hal_flash.o
    0x080019c0   0x080019c0   0x000003d0   Code   RO          468    i.Get_Code          main.o
    0x08001d90   0x08001d90   0x00000068   Code   RO          939    i.Get_Sys_Temp      user_adc.o
    0x08001df8   0x08001df8   0x00000034   Code   RO          940    i.Get_Sys_Temp_Filter  user_adc.o
    0x08001e2c   0x08001e2c   0x00000034   Code   RO          941    i.Get_Temp_Filter   user_adc.o
    0x08001e60   0x08001e60   0x00000034   Code   RO          942    i.Get_Vin_Filter    user_adc.o
    0x08001e94   0x08001e94   0x00000040   Code   RO          944    i.Get_temp          user_adc.o
    0x08001ed4   0x08001ed4   0x0000002c   Code   RO          945    i.Get_vin           user_adc.o
    0x08001f00   0x08001f00   0x00000024   Code   RO         1939    i.HAL_Delay         stm32f1xx_hal.o
    0x08001f24   0x08001f24   0x00000014   Code   RO         2653    i.HAL_FLASH_Lock    stm32f1xx_hal_flash.o
    0x08001f38   0x08001f38   0x00000080   Code   RO         2658    i.HAL_FLASH_Program  stm32f1xx_hal_flash.o
    0x08001fb8   0x08001fb8   0x00000028   Code   RO         2660    i.HAL_FLASH_Unlock  stm32f1xx_hal_flash.o
    0x08001fe0   0x08001fe0   0x000001f8   Code   RO         2247    i.HAL_GPIO_Init     stm32f1xx_hal_gpio.o
    0x080021d8   0x080021d8   0x0000000a   Code   RO         2249    i.HAL_GPIO_ReadPin  stm32f1xx_hal_gpio.o
    0x080021e2   0x080021e2   0x00000010   Code   RO         2250    i.HAL_GPIO_TogglePin  stm32f1xx_hal_gpio.o
    0x080021f2   0x080021f2   0x0000000a   Code   RO         2251    i.HAL_GPIO_WritePin  stm32f1xx_hal_gpio.o
    0x080021fc   0x080021fc   0x0000000c   Code   RO         1943    i.HAL_GetTick       stm32f1xx_hal.o
    0x08002208   0x08002208   0x00000010   Code   RO         1949    i.HAL_IncTick       stm32f1xx_hal.o
    0x08002218   0x08002218   0x00000024   Code   RO         1950    i.HAL_Init          stm32f1xx_hal.o
    0x0800223c   0x0800223c   0x00000040   Code   RO         1951    i.HAL_InitTick      stm32f1xx_hal.o
    0x0800227c   0x0800227c   0x0000002c   Code   RO          791    i.HAL_MspInit       stm32f1xx_hal_msp.o
    0x080022a8   0x080022a8   0x0000001a   Code   RO         2407    i.HAL_NVIC_EnableIRQ  stm32f1xx_hal_cortex.o
    0x080022c2   0x080022c2   0x00000002   PAD
    0x080022c4   0x080022c4   0x00000040   Code   RO         2413    i.HAL_NVIC_SetPriority  stm32f1xx_hal_cortex.o
    0x08002304   0x08002304   0x00000024   Code   RO         2414    i.HAL_NVIC_SetPriorityGrouping  stm32f1xx_hal_cortex.o
    0x08002328   0x08002328   0x0000003c   Code   RO         1712    i.HAL_PCDEx_PMAConfig  stm32f1xx_hal_pcd_ex.o
    0x08002364   0x08002364   0x00000002   Code   RO         1231    i.HAL_PCDEx_SetConnectionState  usbd_conf.o
    0x08002366   0x08002366   0x00000012   Code   RO         1233    i.HAL_PCD_DataInStageCallback  usbd_conf.o
    0x08002378   0x08002378   0x00000014   Code   RO         1234    i.HAL_PCD_DataOutStageCallback  usbd_conf.o
    0x0800238c   0x0800238c   0x0000004c   Code   RO         1488    i.HAL_PCD_EP_Close  stm32f1xx_hal_pcd.o
    0x080023d8   0x080023d8   0x0000005c   Code   RO         1489    i.HAL_PCD_EP_ClrStall  stm32f1xx_hal_pcd.o
    0x08002434   0x08002434   0x000000e6   Code   RO         1490    i.HAL_PCD_EP_DB_Receive  stm32f1xx_hal_pcd.o
    0x0800251a   0x0800251a   0x00000330   Code   RO         1491    i.HAL_PCD_EP_DB_Transmit  stm32f1xx_hal_pcd.o
    0x0800284a   0x0800284a   0x00000012   Code   RO         1493    i.HAL_PCD_EP_GetRxCount  stm32f1xx_hal_pcd.o
    0x0800285c   0x0800285c   0x00000060   Code   RO         1494    i.HAL_PCD_EP_Open   stm32f1xx_hal_pcd.o
    0x080028bc   0x080028bc   0x00000032   Code   RO         1495    i.HAL_PCD_EP_Receive  stm32f1xx_hal_pcd.o
    0x080028ee   0x080028ee   0x00000072   Code   RO         1496    i.HAL_PCD_EP_SetStall  stm32f1xx_hal_pcd.o
    0x08002960   0x08002960   0x00000034   Code   RO         1497    i.HAL_PCD_EP_Transmit  stm32f1xx_hal_pcd.o
    0x08002994   0x08002994   0x00000154   Code   RO         1499    i.HAL_PCD_IRQHandler  stm32f1xx_hal_pcd.o
    0x08002ae8   0x08002ae8   0x000000da   Code   RO         1502    i.HAL_PCD_Init      stm32f1xx_hal_pcd.o
    0x08002bc2   0x08002bc2   0x00000002   PAD
    0x08002bc4   0x08002bc4   0x0000003c   Code   RO         1239    i.HAL_PCD_MspInit   usbd_conf.o
    0x08002c00   0x08002c00   0x00000026   Code   RO         1240    i.HAL_PCD_ResetCallback  usbd_conf.o
    0x08002c26   0x08002c26   0x00000008   Code   RO         1241    i.HAL_PCD_ResumeCallback  usbd_conf.o
    0x08002c2e   0x08002c2e   0x00000008   Code   RO         1242    i.HAL_PCD_SOFCallback  usbd_conf.o
    0x08002c36   0x08002c36   0x00000028   Code   RO         1508    i.HAL_PCD_SetAddress  stm32f1xx_hal_pcd.o
    0x08002c5e   0x08002c5e   0x0000000e   Code   RO         1243    i.HAL_PCD_SetupStageCallback  usbd_conf.o
    0x08002c6c   0x08002c6c   0x00000032   Code   RO         1510    i.HAL_PCD_Start     stm32f1xx_hal_pcd.o
    0x08002c9e   0x08002c9e   0x00000002   PAD
    0x08002ca0   0x08002ca0   0x00000024   Code   RO         1244    i.HAL_PCD_SuspendCallback  usbd_conf.o
    0x08002cc4   0x08002cc4   0x000000ec   Code   RO         2210    i.HAL_RCCEx_PeriphCLKConfig  stm32f1xx_hal_rcc_ex.o
    0x08002db0   0x08002db0   0x0000012c   Code   RO         2107    i.HAL_RCC_ClockConfig  stm32f1xx_hal_rcc.o
    0x08002edc   0x08002edc   0x0000006c   Code   RO         2116    i.HAL_RCC_GetSysClockFreq  stm32f1xx_hal_rcc.o
    0x08002f48   0x08002f48   0x00000320   Code   RO         2119    i.HAL_RCC_OscConfig  stm32f1xx_hal_rcc.o
    0x08003268   0x08003268   0x00000028   Code   RO         2418    i.HAL_SYSTICK_Config  stm32f1xx_hal_cortex.o
    0x08003290   0x08003290   0x00000002   Code   RO          696    i.HardFault_Handler  stm32f1xx_it.o
    0x08003292   0x08003292   0x00000002   PAD
    0x08003294   0x08003294   0x00000038   Code   RO         1080    i.IntToUnicode      usbd_desc.o
    0x080032cc   0x080032cc   0x00000060   Code   RO          469    i.JumpToAPP         main.o
    0x0800332c   0x0800332c   0x00000074   Code   RO          291    i.LCD_Address_Set   lcd.o
    0x080033a0   0x080033a0   0x0000003a   Code   RO          292    i.LCD_Clear         lcd.o
    0x080033da   0x080033da   0x0000009c   Code   RO          293    i.LCD_DrawLine      lcd.o
    0x08003476   0x08003476   0x00000016   Code   RO          294    i.LCD_DrawPoint     lcd.o
    0x0800348c   0x0800348c   0x00000044   Code   RO          295    i.LCD_DrawRectangle  lcd.o
    0x080034d0   0x080034d0   0x00000064   Code   RO          297    i.LCD_ShowChar      lcd.o
    0x08003534   0x08003534   0x000000c0   Code   RO          298    i.LCD_ShowChar_new  lcd.o
    0x080035f4   0x080035f4   0x00000066   Code   RO          299    i.LCD_ShowNum       lcd.o
    0x0800365a   0x0800365a   0x00000002   PAD
    0x0800365c   0x0800365c   0x00000060   Code   RO          300    i.LCD_ShowString_new  lcd.o
    0x080036bc   0x080036bc   0x00000014   Code   RO          301    i.LCD_WR_DATA       lcd.o
    0x080036d0   0x080036d0   0x00000014   Code   RO          303    i.LCD_WR_REG        lcd.o
    0x080036e4   0x080036e4   0x00000054   Code   RO         3406    i.LL_ADC_CommonInit  stm32f1xx_ll_adc.o
    0x08003738   0x08003738   0x0000002c   Code   RO         3411    i.LL_ADC_Init       stm32f1xx_ll_adc.o
    0x08003764   0x08003764   0x00000054   Code   RO         3412    i.LL_ADC_REG_Init   stm32f1xx_ll_adc.o
    0x080037b8   0x080037b8   0x00000030   Code   RO          868    i.LL_ADC_REG_SetSequencerRanks  adc.o
    0x080037e8   0x080037e8   0x00000046   Code   RO          869    i.LL_ADC_SetChannelSamplingTime  adc.o
    0x0800382e   0x0800382e   0x00000002   PAD
    0x08003830   0x08003830   0x00000018   Code   RO          870    i.LL_AHB1_GRP1_EnableClock  adc.o
    0x08003848   0x08003848   0x00000018   Code   RO          632    i.LL_APB2_GRP1_EnableClock  spi.o
    0x08003860   0x08003860   0x00000018   Code   RO          815    i.LL_APB2_GRP1_EnableClock  tim.o
    0x08003878   0x08003878   0x00000018   Code   RO          871    i.LL_APB2_GRP1_EnableClock  adc.o
    0x08003890   0x08003890   0x000000f0   Code   RO         3170    i.LL_GPIO_Init      stm32f1xx_ll_gpio.o
    0x08003980   0x08003980   0x00000064   Code   RO         3106    i.LL_SPI_Init       stm32f1xx_ll_spi.o
    0x080039e4   0x080039e4   0x0000003a   Code   RO         3298    i.LL_TIM_BDTR_Init  stm32f1xx_ll_tim.o
    0x08003a1e   0x08003a1e   0x00000002   PAD
    0x08003a20   0x08003a20   0x0000008c   Code   RO         3307    i.LL_TIM_Init       stm32f1xx_ll_tim.o
    0x08003aac   0x08003aac   0x000001c8   Code   RO         3308    i.LL_TIM_OC_Init    stm32f1xx_ll_tim.o
    0x08003c74   0x08003c74   0x0000001e   Code   RO         2985    i.LL_mDelay         stm32f1xx_ll_utils.o
    0x08003c92   0x08003c92   0x00000002   PAD
    0x08003c94   0x08003c94   0x00000348   Code   RO          305    i.Lcd_Init          lcd.o
    0x08003fdc   0x08003fdc   0x00000248   Code   RO          872    i.MX_ADC1_Init      adc.o
    0x08004224   0x08004224   0x000000e8   Code   RO          587    i.MX_GPIO_Init      gpio.o
    0x0800430c   0x0800430c   0x000000a0   Code   RO          633    i.MX_SPI1_Init      spi.o
    0x080043ac   0x080043ac   0x000000f4   Code   RO          816    i.MX_TIM1_Init      tim.o
    0x080044a0   0x080044a0   0x000000ac   Code   RO          817    i.MX_TIM4_Init      tim.o
    0x0800454c   0x0800454c   0x00000054   Code   RO         1049    i.MX_USB_DEVICE_Init  usb_device.o
    0x080045a0   0x080045a0   0x00000002   Code   RO          697    i.MemManage_Handler  stm32f1xx_it.o
    0x080045a2   0x080045a2   0x00000002   Code   RO          698    i.NMI_Handler       stm32f1xx_it.o
    0x080045a4   0x080045a4   0x00000314   Code   RO         1514    i.PCD_EP_ISR_Handler  stm32f1xx_hal_pcd.o
    0x080048b8   0x080048b8   0x00000002   Code   RO          699    i.PendSV_Handler    stm32f1xx_it.o
    0x080048ba   0x080048ba   0x00000002   PAD
    0x080048bc   0x080048bc   0x00000084   Code   RO          306    i.Progress_Bar      lcd.o
    0x08004940   0x08004940   0x00000012   Code   RO          307    i.RGB_COLOR         lcd.o
    0x08004952   0x08004952   0x00000002   PAD
    0x08004954   0x08004954   0x00000038   Code   RO          634    i.SPI_WriteByte     spi.o
    0x0800498c   0x0800498c   0x00000014   Code   RO          635    i.SPI_WriteByte_16  spi.o
    0x080049a0   0x080049a0   0x0000001a   Code   RO           17    i.STMFLASH_Read     user_flash.o
    0x080049ba   0x080049ba   0x00000002   PAD
    0x080049bc   0x080049bc   0x000000e0   Code   RO           19    i.STMFLASH_Write    user_flash.o
    0x08004a9c   0x08004a9c   0x0000002c   Code   RO           20    i.STMFLASH_Write_NoCheck  user_flash.o
    0x08004ac8   0x08004ac8   0x00000002   Code   RO          700    i.SVC_Handler       stm32f1xx_it.o
    0x08004aca   0x08004aca   0x00000002   PAD
    0x08004acc   0x08004acc   0x00000068   Code   RO          309    i.ShowChar6x8       lcd.o
    0x08004b34   0x08004b34   0x0000002c   Code   RO          310    i.ShowString6x8     lcd.o
    0x08004b60   0x08004b60   0x00000098   Code   RO          311    i.Show_Info         lcd.o
    0x08004bf8   0x08004bf8   0x000001bc   Code   RO          312    i.Show_TEST_UI      lcd.o
    0x08004db4   0x08004db4   0x00000004   Code   RO           21    i.Single_Data_Read  user_flash.o
    0x08004db8   0x08004db8   0x0000000c   Code   RO           22    i.Single_Data_Write  user_flash.o
    0x08004dc4   0x08004dc4   0x00000004   Code   RO          701    i.SysTick_Handler   stm32f1xx_it.o
    0x08004dc8   0x08004dc8   0x00000078   Code   RO          470    i.SystemClock_Config  main.o
    0x08004e40   0x08004e40   0x00000002   Code   RO         3487    i.SystemInit        system_stm32f1xx.o
    0x08004e42   0x08004e42   0x00000002   PAD
    0x08004e44   0x08004e44   0x00000110   Code   RO          702    i.TIM4_IRQHandler   stm32f1xx_it.o
    0x08004f54   0x08004f54   0x00000046   Code   RO         3787    i.USBD_CDC_DataIn   usbd_cdc.o
    0x08004f9a   0x08004f9a   0x0000002e   Code   RO         3788    i.USBD_CDC_DataOut  usbd_cdc.o
    0x08004fc8   0x08004fc8   0x00000044   Code   RO         3789    i.USBD_CDC_DeInit   usbd_cdc.o
    0x0800500c   0x0800500c   0x00000024   Code   RO         3790    i.USBD_CDC_EP0_RxReady  usbd_cdc.o
    0x08005030   0x08005030   0x0000000c   Code   RO         3791    i.USBD_CDC_GetDeviceQualifierDescriptor  usbd_cdc.o
    0x0800503c   0x0800503c   0x0000000c   Code   RO         3792    i.USBD_CDC_GetFSCfgDesc  usbd_cdc.o
    0x08005048   0x08005048   0x0000000c   Code   RO         3793    i.USBD_CDC_GetHSCfgDesc  usbd_cdc.o
    0x08005054   0x08005054   0x0000000c   Code   RO         3794    i.USBD_CDC_GetOtherSpeedCfgDesc  usbd_cdc.o
    0x08005060   0x08005060   0x00000094   Code   RO         3795    i.USBD_CDC_Init     usbd_cdc.o
    0x080050f4   0x080050f4   0x00000028   Code   RO         3796    i.USBD_CDC_ReceivePacket  usbd_cdc.o
    0x0800511c   0x0800511c   0x00000010   Code   RO         3797    i.USBD_CDC_RegisterInterface  usbd_cdc.o
    0x0800512c   0x0800512c   0x0000000c   Code   RO         3798    i.USBD_CDC_SetRxBuffer  usbd_cdc.o
    0x08005138   0x08005138   0x00000010   Code   RO         3799    i.USBD_CDC_SetTxBuffer  usbd_cdc.o
    0x08005148   0x08005148   0x000000ac   Code   RO         3800    i.USBD_CDC_Setup    usbd_cdc.o
    0x080051f4   0x080051f4   0x00000036   Code   RO         3801    i.USBD_CDC_TransmitPacket  usbd_cdc.o
    0x0800522a   0x0800522a   0x0000000e   Code   RO         3524    i.USBD_ClrClassConfig  usbd_core.o
    0x08005238   0x08005238   0x00000010   Code   RO         3727    i.USBD_CtlContinueRx  usbd_ioreq.o
    0x08005248   0x08005248   0x00000010   Code   RO         3728    i.USBD_CtlContinueSendData  usbd_ioreq.o
    0x08005258   0x08005258   0x00000016   Code   RO         3662    i.USBD_CtlError     usbd_ctlreq.o
    0x0800526e   0x0800526e   0x0000001e   Code   RO         3729    i.USBD_CtlPrepareRx  usbd_ioreq.o
    0x0800528c   0x0800528c   0x00000016   Code   RO         3730    i.USBD_CtlReceiveStatus  usbd_ioreq.o
    0x080052a2   0x080052a2   0x0000001a   Code   RO         3731    i.USBD_CtlSendData  usbd_ioreq.o
    0x080052bc   0x080052bc   0x00000016   Code   RO         3732    i.USBD_CtlSendStatus  usbd_ioreq.o
    0x080052d2   0x080052d2   0x00000002   PAD
    0x080052d4   0x080052d4   0x00000020   Code   RO         1081    i.USBD_FS_ConfigStrDescriptor  usbd_desc.o
    0x080052f4   0x080052f4   0x0000000c   Code   RO         1082    i.USBD_FS_DeviceDescriptor  usbd_desc.o
    0x08005300   0x08005300   0x00000024   Code   RO         1083    i.USBD_FS_InterfaceStrDescriptor  usbd_desc.o
    0x08005324   0x08005324   0x0000000c   Code   RO         1084    i.USBD_FS_LangIDStrDescriptor  usbd_desc.o
    0x08005330   0x08005330   0x00000028   Code   RO         1085    i.USBD_FS_ManufacturerStrDescriptor  usbd_desc.o
    0x08005358   0x08005358   0x0000002c   Code   RO         1086    i.USBD_FS_ProductStrDescriptor  usbd_desc.o
    0x08005384   0x08005384   0x00000038   Code   RO         1087    i.USBD_FS_SerialStrDescriptor  usbd_desc.o
    0x080053bc   0x080053bc   0x000000e8   Code   RO         3663    i.USBD_GetDescriptor  usbd_ctlreq.o
    0x080054a4   0x080054a4   0x00000048   Code   RO         3664    i.USBD_GetString    usbd_ctlreq.o
    0x080054ec   0x080054ec   0x00000018   Code   RO         1245    i.USBD_Get_USB_Status  usbd_conf.o
    0x08005504   0x08005504   0x0000002a   Code   RO         3526    i.USBD_Init         usbd_core.o
    0x0800552e   0x0800552e   0x00000012   Code   RO         1246    i.USBD_LL_ClearStallEP  usbd_conf.o
    0x08005540   0x08005540   0x00000012   Code   RO         1247    i.USBD_LL_CloseEP   usbd_conf.o
    0x08005552   0x08005552   0x000000c6   Code   RO         3527    i.USBD_LL_DataInStage  usbd_core.o
    0x08005618   0x08005618   0x00000082   Code   RO         3528    i.USBD_LL_DataOutStage  usbd_core.o
    0x0800569a   0x0800569a   0x00000008   Code   RO         1251    i.USBD_LL_GetRxDataSize  usbd_conf.o
    0x080056a2   0x080056a2   0x00000002   PAD
    0x080056a4   0x080056a4   0x00000080   Code   RO         1252    i.USBD_LL_Init      usbd_conf.o
    0x08005724   0x08005724   0x00000020   Code   RO         1253    i.USBD_LL_IsStallEP  usbd_conf.o
    0x08005744   0x08005744   0x00000018   Code   RO         1254    i.USBD_LL_OpenEP    usbd_conf.o
    0x0800575c   0x0800575c   0x00000012   Code   RO         1255    i.USBD_LL_PrepareReceive  usbd_conf.o
    0x0800576e   0x0800576e   0x00000050   Code   RO         3533    i.USBD_LL_Reset     usbd_core.o
    0x080057be   0x080057be   0x00000014   Code   RO         3534    i.USBD_LL_Resume    usbd_core.o
    0x080057d2   0x080057d2   0x00000018   Code   RO         3535    i.USBD_LL_SOF       usbd_core.o
    0x080057ea   0x080057ea   0x00000006   Code   RO         3536    i.USBD_LL_SetSpeed  usbd_core.o
    0x080057f0   0x080057f0   0x00000012   Code   RO         1256    i.USBD_LL_SetUSBAddress  usbd_conf.o
    0x08005802   0x08005802   0x0000005a   Code   RO         3537    i.USBD_LL_SetupStage  usbd_core.o
    0x0800585c   0x0800585c   0x00000012   Code   RO         1257    i.USBD_LL_StallEP   usbd_conf.o
    0x0800586e   0x0800586e   0x00000012   Code   RO         1258    i.USBD_LL_Start     usbd_conf.o
    0x08005880   0x08005880   0x00000012   Code   RO         3538    i.USBD_LL_Suspend   usbd_core.o
    0x08005892   0x08005892   0x00000012   Code   RO         1260    i.USBD_LL_Transmit  usbd_conf.o
    0x080058a4   0x080058a4   0x00000028   Code   RO         3665    i.USBD_ParseSetupRequest  usbd_ctlreq.o
    0x080058cc   0x080058cc   0x00000010   Code   RO         3539    i.USBD_RegisterClass  usbd_core.o
    0x080058dc   0x080058dc   0x00000016   Code   RO         3541    i.USBD_SetClassConfig  usbd_core.o
    0x080058f2   0x080058f2   0x00000002   PAD
    0x080058f4   0x080058f4   0x00000084   Code   RO         3666    i.USBD_SetConfig    usbd_ctlreq.o
    0x08005978   0x08005978   0x0000000a   Code   RO         3542    i.USBD_Start        usbd_core.o
    0x08005982   0x08005982   0x00000112   Code   RO         3667    i.USBD_StdDevReq    usbd_ctlreq.o
    0x08005a94   0x08005a94   0x00000150   Code   RO         3668    i.USBD_StdEPReq     usbd_ctlreq.o
    0x08005be4   0x08005be4   0x0000004e   Code   RO         3669    i.USBD_StdItfReq    usbd_ctlreq.o
    0x08005c32   0x08005c32   0x00000002   Code   RO         1261    i.USBD_static_free  usbd_conf.o
    0x08005c34   0x08005c34   0x00000008   Code   RO         1262    i.USBD_static_malloc  usbd_conf.o
    0x08005c3c   0x08005c3c   0x00000258   Code   RO         1752    i.USB_ActivateEndpoint  stm32f1xx_ll_usb.o
    0x08005e94   0x08005e94   0x00000004   Code   RO         1755    i.USB_CoreInit      stm32f1xx_ll_usb.o
    0x08005e98   0x08005e98   0x0000010e   Code   RO         1757    i.USB_DeactivateEndpoint  stm32f1xx_ll_usb.o
    0x08005fa6   0x08005fa6   0x00000004   Code   RO         1758    i.USB_DevConnect    stm32f1xx_ll_usb.o
    0x08005faa   0x08005faa   0x00000004   Code   RO         1759    i.USB_DevDisconnect  stm32f1xx_ll_usb.o
    0x08005fae   0x08005fae   0x00000012   Code   RO         1760    i.USB_DevInit       stm32f1xx_ll_usb.o
    0x08005fc0   0x08005fc0   0x0000000e   Code   RO         1761    i.USB_DisableGlobalInt  stm32f1xx_ll_usb.o
    0x08005fce   0x08005fce   0x00000004   Code   RO         1762    i.USB_EP0_OutStart  stm32f1xx_ll_usb.o
    0x08005fd2   0x08005fd2   0x00000078   Code   RO         1763    i.USB_EPClearStall  stm32f1xx_ll_usb.o
    0x0800604a   0x0800604a   0x00000032   Code   RO         1764    i.USB_EPSetStall    stm32f1xx_ll_usb.o
    0x0800607c   0x0800607c   0x0000060c   Code   RO         1765    i.USB_EPStartXfer   stm32f1xx_ll_usb.o
    0x08006688   0x08006688   0x00000012   Code   RO         1766    i.USB_EnableGlobalInt  stm32f1xx_ll_usb.o
    0x0800669a   0x0800669a   0x00000002   PAD
    0x0800669c   0x0800669c   0x0000000c   Code   RO          703    i.USB_LP_CAN1_RX0_IRQHandler  stm32f1xx_it.o
    0x080066a8   0x080066a8   0x0000005c   Code   RO          471    i.USB_Port_Set      main.o
    0x08006704   0x08006704   0x00000006   Code   RO         1773    i.USB_ReadInterrupts  stm32f1xx_ll_usb.o
    0x0800670a   0x0800670a   0x00000002   PAD
    0x0800670c   0x0800670c   0x0000002c   Code   RO         1774    i.USB_ReadPMA       stm32f1xx_ll_usb.o
    0x08006738   0x08006738   0x00000004   Code   RO         1775    i.USB_SetCurrentMode  stm32f1xx_ll_usb.o
    0x0800673c   0x0800673c   0x0000000c   Code   RO         1776    i.USB_SetDevAddress  stm32f1xx_ll_usb.o
    0x08006748   0x08006748   0x00000026   Code   RO         1778    i.USB_WritePMA      stm32f1xx_ll_usb.o
    0x0800676e   0x0800676e   0x00000002   Code   RO          704    i.UsageFault_Handler  stm32f1xx_it.o
    0x08006770   0x08006770   0x00000028   Code   RO         4143    i.__ARM_fpclassify  m_ws.l(fpclassify.o)
    0x08006798   0x08006798   0x00000020   Code   RO         2420    i.__NVIC_SetPriority  stm32f1xx_hal_cortex.o
    0x080067b8   0x080067b8   0x0000000e   Code   RO         3916    i._is_digit         c_w.l(__printf_wp.o)
    0x080067c6   0x080067c6   0x00000002   PAD
    0x080067c8   0x080067c8   0x00000014   Code   RO          636    i.lcd_send_cmd      spi.o
    0x080067dc   0x080067dc   0x0000001a   Code   RO          637    i.lcd_send_data     spi.o
    0x080067f6   0x080067f6   0x00000002   PAD
    0x080067f8   0x080067f8   0x0000012c   Code   RO          472    i.main              main.o
    0x08006924   0x08006924   0x00000010   Code   RO          313    i.mypow             lcd.o
    0x08006934   0x08006934   0x0000002c   Code   RO         4137    locale$$code        c_w.l(lc_numeric_c.o)
    0x08006960   0x08006960   0x00000062   Code   RO         3937    x$fpl$d2f           fz_ws.l(d2f.o)
    0x080069c2   0x080069c2   0x00000002   PAD
    0x080069c4   0x080069c4   0x00000150   Code   RO         3939    x$fpl$dadd          fz_ws.l(daddsub_clz.o)
    0x08006b14   0x08006b14   0x000002b0   Code   RO         3946    x$fpl$ddiv          fz_ws.l(ddiv.o)
    0x08006dc4   0x08006dc4   0x0000009c   Code   RO         4057    x$fpl$dnaninf       fz_ws.l(dnaninf.o)
    0x08006e60   0x08006e60   0x0000000c   Code   RO         4059    x$fpl$dretinf       fz_ws.l(dretinf.o)
    0x08006e6c   0x08006e6c   0x00000016   Code   RO         3940    x$fpl$drsb          fz_ws.l(daddsub_clz.o)
    0x08006e82   0x08006e82   0x00000002   PAD
    0x08006e84   0x08006e84   0x000001d4   Code   RO         3941    x$fpl$dsub          fz_ws.l(daddsub_clz.o)
    0x08007058   0x08007058   0x00000056   Code   RO         3957    x$fpl$f2d           fz_ws.l(f2d.o)
    0x080070ae   0x080070ae   0x00000002   PAD
    0x080070b0   0x080070b0   0x000000c4   Code   RO         3959    x$fpl$fadd          fz_ws.l(faddsub_clz.o)
    0x08007174   0x08007174   0x0000000c   Code   RO         4061    x$fpl$fcheck1       fz_ws.l(fcheck1.o)
    0x08007180   0x08007180   0x00000018   Code   RO         4063    x$fpl$fcmpinf       fz_ws.l(fcmpi.o)
    0x08007198   0x08007198   0x00000184   Code   RO         3966    x$fpl$fdiv          fz_ws.l(fdiv.o)
    0x0800731c   0x0800731c   0x00000030   Code   RO         3970    x$fpl$fflt          fz_ws.l(fflt_clz.o)
    0x0800734c   0x0800734c   0x00000026   Code   RO         3969    x$fpl$ffltu         fz_ws.l(fflt_clz.o)
    0x08007372   0x08007372   0x00000002   PAD
    0x08007374   0x08007374   0x00000068   Code   RO         3975    x$fpl$fleqf         fz_ws.l(fleqf.o)
    0x080073dc   0x080073dc   0x00000102   Code   RO         3977    x$fpl$fmul          fz_ws.l(fmul.o)
    0x080074de   0x080074de   0x0000008c   Code   RO         4065    x$fpl$fnaninf       fz_ws.l(fnaninf.o)
    0x0800756a   0x0800756a   0x0000000a   Code   RO         4067    x$fpl$fretinf       fz_ws.l(fretinf.o)
    0x08007574   0x08007574   0x000000ea   Code   RO         3961    x$fpl$fsub          fz_ws.l(faddsub_clz.o)
    0x0800765e   0x0800765e   0x00000004   Code   RO         3979    x$fpl$printf1       fz_ws.l(printf1.o)
    0x08007662   0x08007662   0x00000064   Code   RO         4141    x$fpl$retnan        fz_ws.l(retnan.o)
    0x080076c6   0x080076c6   0x0000004c   Code   RO         3983    x$fpl$scalbnf       fz_ws.l(scalbnf.o)
    0x08007712   0x08007712   0x00000030   Code   RO         4207    x$fpl$trapveneer    fz_ws.l(trapv.o)
    0x08007742   0x08007742   0x00000000   Code   RO         4075    x$fpl$usenofp       fz_ws.l(usenofp.o)
    0x08007742   0x08007742   0x00000228   Data   RO          262    .constdata          font_lib.o
    0x0800796a   0x0800796a   0x000005f0   Data   RO          263    .constdata          font_lib.o
    0x08007f5a   0x08007f5a   0x00000002   PAD
    0x08007f5c   0x08007f5c   0x00000007   Data   RO          473    .constdata          main.o
    0x08007f63   0x08007f63   0x0000000e   Data   RO          818    .constdata          tim.o
    0x08007f71   0x08007f71   0x00000007   Data   RO          875    .constdata          adc.o
    0x08007f78   0x08007f78   0x00000010   Data   RO         3488    .constdata          system_stm32f1xx.o
    0x08007f88   0x08007f88   0x00000011   Data   RO         3924    .constdata          c_w.l(__printf_flags_ss_wp.o)
    0x08007f99   0x08007f99   0x00000003   PAD
    0x08007f9c   0x08007f9c   0x00000094   Data   RO         4110    .constdata          c_w.l(bigflt0.o)
    0x08008030   0x08008030   0x00000020   Data   RO         4293    Region$$Table       anon$$obj.o
    0x08008050   0x08008050   0x0000001c   Data   RO         4136    locale$$data        c_w.l(lc_numeric_c.o)


    Execution Region RW_IRAM1 (Exec base: 0x20000000, Load base: 0x0800806c, Size: 0x00005d60, Max: 0x00010000, ABSOLUTE, COMPRESSED[0x000000d8])

    Exec Addr    Load Addr    Size         Type   Attr      Idx    E Section Name        Object

    0x20000000   COMPRESSED   0x00000004   Data   RW          315    .data               lcd.o
    0x20000004   COMPRESSED   0x0000000c   Data   RW          474    .data               main.o
    0x20000010   COMPRESSED   0x00000002   Data   RW          588    .data               gpio.o
    0x20000012   COMPRESSED   0x00000001   Data   RW          589    .data               gpio.o
    0x20000013   COMPRESSED   0x00000001   PAD
    0x20000014   COMPRESSED   0x00000008   Data   RW          705    .data               stm32f1xx_it.o
    0x2000001c   COMPRESSED   0x00000002   Data   RW          950    .data               user_adc.o
    0x2000001e   COMPRESSED   0x00000002   PAD
    0x20000020   COMPRESSED   0x00000020   Data   RW          951    .data               user_adc.o
    0x20000040   COMPRESSED   0x0000001c   Data   RW         1089    .data               usbd_desc.o
    0x2000005c   COMPRESSED   0x00000032   Data   RW         1090    .data               usbd_desc.o
    0x2000008e   COMPRESSED   0x00000007   Data   RW         1173    .data               usbd_cdc_if.o
    0x20000095   COMPRESSED   0x00000003   PAD
    0x20000098   COMPRESSED   0x00000010   Data   RW         1174    .data               usbd_cdc_if.o
    0x200000a8   COMPRESSED   0x0000000c   Data   RW         1957    .data               stm32f1xx_hal.o
    0x200000b4   COMPRESSED   0x00000004   Data   RW         3490    .data               system_stm32f1xx.o
    0x200000b8   COMPRESSED   0x00000001   Data   RW         3670    .data               usbd_ctlreq.o
    0x200000b9   COMPRESSED   0x00000003   PAD
    0x200000bc   COMPRESSED   0x000000d7   Data   RW         3802    .data               usbd_cdc.o
    0x20000193   COMPRESSED   0x00000001   PAD
    0x20000194   COMPRESSED   0x00000038   Data   RW         3803    .data               usbd_cdc.o
    0x200001cc        -       0x00000800   Zero   RW           24    .bss                user_flash.o
    0x200009cc        -       0x00000040   Zero   RW          314    .bss                lcd.o
    0x20000a0c        -       0x0000001c   Zero   RW          874    .bss                adc.o
    0x20000a28        -       0x000000d2   Zero   RW          949    .bss                user_adc.o
    0x20000afa   COMPRESSED   0x00000002   PAD
    0x20000afc        -       0x000002c4   Zero   RW         1050    .bss                usb_device.o
    0x20000dc0        -       0x00000200   Zero   RW         1088    .bss                usbd_desc.o
    0x20000fc0        -       0x00000810   Zero   RW         1172    .bss                usbd_cdc_if.o
    0x200017d0        -       0x0000050c   Zero   RW         1263    .bss                usbd_conf.o
    0x20001cdc   COMPRESSED   0x00000004   PAD
    0x20001ce0        -       0x00000020   Zero   RW         2661    .bss                stm32f1xx_hal_flash.o
    0x20001d00        -       0x00000060   Zero   RW         4146    .bss                c_w.l(libspace.o)
    0x20001d60        -       0x00002000   Zero   RW            2    HEAP                startup_stm32f103xe.o
    0x20003d60        -       0x00002000   Zero   RW            1    STACK               startup_stm32f103xe.o


==============================================================================

Image component sizes


      Code (inc. data)   RO Data    RW Data    ZI Data      Debug   Object Name

       750         58          7          0         28      51100   adc.o
         0          0       2072          0          0        749   font_lib.o
       276         28          0          3          0      11062   gpio.o
      2700        452          0          4         64      23626   lcd.o
      1732        216          7         12          0      55176   main.o
       306         32          0          0          0      25717   spi.o
        64         26        304          0      16384        808   startup_stm32f103xe.o
       164         28          0         12          0       6485   stm32f1xx_hal.o
       198         14          0          0          0      28923   stm32f1xx_hal_cortex.o
       392         46          0          0         32       4706   stm32f1xx_hal_flash.o
        36          8          0          0          0       1833   stm32f1xx_hal_flash_ex.o
       540         42          0          0          0       4128   stm32f1xx_hal_gpio.o
        44          6          0          0          0        826   stm32f1xx_hal_msp.o
      2980          0          0          0          0      13837   stm32f1xx_hal_pcd.o
        60          0          0          0          0       1166   stm32f1xx_hal_pcd_ex.o
      1208         76          0          0          0       4054   stm32f1xx_hal_rcc.o
       236         12          0          0          0       1380   stm32f1xx_hal_rcc_ex.o
       304         44          0          8          0      38600   stm32f1xx_it.o
       212         20          0          0          0      40812   stm32f1xx_ll_adc.o
       240          0          0          0          0      11227   stm32f1xx_ll_gpio.o
       100          0          0          0          0      14182   stm32f1xx_ll_spi.o
       654         30          0          0          0      32258   stm32f1xx_ll_tim.o
      2758          0          0          0          0      16515   stm32f1xx_ll_usb.o
        30          0          0          0          0       4624   stm32f1xx_ll_utils.o
         2          0         16          4          0       1107   system_stm32f1xx.o
       440         42         14          0          0      55405   tim.o
        84         18          0          0        708        788   usb_device.o
       726         16          0        271          0      12978   usbd_cdc.o
       536         32          0         23       2064       4118   usbd_cdc_if.o
       556         30          0          0       1292      14125   usbd_conf.o
       670          0          0          0          0       9419   usbd_core.o
      1186         28          0          1          0       7888   usbd_ctlreq.o
       288        104          0         78        512       5893   usbd_desc.o
       132          0          0          0          0       4304   usbd_ioreq.o
       368         82          0         34        210       5370   user_adc.o
       470         24          0          0       2048     475161   user_flash.o

    ----------------------------------------------------------------------
     21484       1514       2454        460      23348     990350   Object Totals
         0          0         32          0          0          0   (incl. Generated)
        42          0          2         10          6          0   (incl. Padding)

    ----------------------------------------------------------------------

      Code (inc. data)   RO Data    RW Data    ZI Data      Debug   Library Member Name

        44          6          0          0          0         84   __2sprintf.o
        90          0          0          0          0          0   __dczerorl2.o
         8          0          0          0          0         68   __main.o
       392          4         17          0          0         92   __printf_flags_ss_wp.o
        14          0          0          0          0         68   __printf_wp.o
         0          0          0          0          0          0   __rtentry.o
        12          0          0          0          0          0   __rtentry2.o
         6          0          0          0          0          0   __rtentry4.o
        52          8          0          0          0          0   __scatter.o
        28          0          0          0          0          0   __scatter_zi.o
        48          6          0          0          0         96   _printf_char_common.o
         6          0          0          0          0          0   _printf_d.o
       120         16          0          0          0         92   _printf_dec.o
         6          0          0          0          0          0   _printf_f.o
      1054          0          0          0          0        216   _printf_fp_dec.o
       128         16          0          0          0         84   _printf_fp_infnan.o
       178          0          0          0          0         88   _printf_intcommon.o
        78          0          0          0          0        108   _printf_pad.o
         0          0          0          0          0          0   _printf_percent.o
         4          0          0          0          0          0   _printf_percent_end.o
        10          0          0          0          0         68   _sputc.o
       228          4        148          0          0         96   bigflt0.o
      1936        128          0          0          0        672   btod.o
        18          0          0          0          0         80   exit.o
         6          0          0          0          0        152   heapauxi.o
         0          0          0          0          0          0   indicate_semi.o
        44         10         28          0          0         76   lc_numeric_c.o
         2          0          0          0          0          0   libinit.o
        18          0          0          0          0          0   libinit2.o
         2          0          0          0          0          0   libshutdown.o
         2          0          0          0          0          0   libshutdown2.o
         8          4          0          0         96         68   libspace.o
       138          0          0          0          0         80   lludiv10.o
        38          0          0          0          0         68   llushr.o
         8          4          0          0          0         68   rt_locale_intlibspace.o
        78          0          0          0          0         80   rt_memclr_w.o
       100          0          0          0          0         80   rt_memcpy_w.o
         2          0          0          0          0          0   rtexit.o
        10          0          0          0          0          0   rtexit2.o
       128          0          0          0          0         68   strcmpv7m.o
        12          4          0          0          0         68   sys_exit.o
        74          0          0          0          0         80   sys_stackheap_outer.o
         2          0          0          0          0         68   use_no_semi.o
        98          4          0          0          0         92   d2f.o
       826         16          0          0          0        348   daddsub_clz.o
       688        140          0          0          0        208   ddiv.o
       156          4          0          0          0         92   dnaninf.o
        12          0          0          0          0         68   dretinf.o
        86          4          0          0          0         84   f2d.o
       430          8          0          0          0        168   faddsub_clz.o
        12          4          0          0          0         68   fcheck1.o
        24          0          0          0          0         68   fcmpi.o
       388         76          0          0          0         96   fdiv.o
        86          0          0          0          0        136   fflt_clz.o
       104          4          0          0          0         84   fleqf.o
       258          4          0          0          0         84   fmul.o
       140          4          0          0          0         84   fnaninf.o
        10          0          0          0          0         68   fretinf.o
         4          0          0          0          0         68   printf1.o
       100          0          0          0          0         68   retnan.o
        76          0          0          0          0         68   scalbnf.o
        48          0          0          0          0         68   trapv.o
         0          0          0          0          0          0   usenofp.o
        40          0          0          0          0         68   fpclassify.o

    ----------------------------------------------------------------------
      8742        478        196          0         96       4956   Library Totals
        24          0          3          0          0          0   (incl. Padding)

    ----------------------------------------------------------------------

      Code (inc. data)   RO Data    RW Data    ZI Data      Debug   Library Name

      5132        210        193          0         96       2868   c_w.l
      3546        268          0          0          0       2020   fz_ws.l
        40          0          0          0          0         68   m_ws.l

    ----------------------------------------------------------------------
      8742        478        196          0         96       4956   Library Totals

    ----------------------------------------------------------------------

==============================================================================


      Code (inc. data)   RO Data    RW Data    ZI Data      Debug   

     30226       1992       2650        460      23444     981522   Grand Totals
     30226       1992       2650        216      23444     981522   ELF Image Totals (compressed)
     30226       1992       2650        216          0          0   ROM Totals

==============================================================================

    Total RO  Size (Code + RO Data)                32876 (  32.11kB)
    Total RW  Size (RW Data + ZI Data)             23904 (  23.34kB)
    Total ROM Size (Code + RO Data + RW Data)      33092 (  32.32kB)

==============================================================================

